Component: ARM Compiler 5.06 update 7 (build 960) Tool: armlink [4d3601]

==============================================================================

Section Cross References

    main.o(i.ADG706_Trigger) refers to main.o(i.nrf_gpio_cfg_output) for nrf_gpio_cfg_output
    main.o(i.MUXswitch) refers to main.o(i.nrf_gpio_pin_set) for nrf_gpio_pin_set
    main.o(i.MUXswitch) refers to main.o(i.nrf_gpio_pin_clear) for nrf_gpio_pin_clear
    main.o(i.Pcap04_CDCStart) refers to main.o(i.nrf_gpio_pin_clear) for nrf_gpio_pin_clear
    main.o(i.Pcap04_CDCStart) refers to main.o(i.nrf_delay_ms) for nrf_delay_ms
    main.o(i.Pcap04_CDCStart) refers to main.o(i.nrf_drv_spi_transfer) for nrf_drv_spi_transfer
    main.o(i.Pcap04_CDCStart) refers to app_error_handler_keil.o(.emb_text) for app_error_handler
    main.o(i.Pcap04_CDCStart) refers to main.o(i.nrfx_coredep_delay_us) for nrfx_coredep_delay_us
    main.o(i.Pcap04_CDCStart) refers to main.o(i.nrf_gpio_pin_set) for nrf_gpio_pin_set
    main.o(i.Pcap04_CDCStart) refers to main.o(.data) for spi_xfer_done
    main.o(i.Pcap04_CDCStart) refers to main.o(.constdata) for spi
    main.o(i.Pcap04_Init_Tow) refers to main.o(i.nrf_delay_ms) for nrf_delay_ms
    main.o(i.Pcap04_Init_Tow) refers to main.o(i.Pcap04_Power_Reset) for Pcap04_Power_Reset
    main.o(i.Pcap04_Init_Tow) refers to main.o(i.Pcap04_WriteFirmware) for Pcap04_WriteFirmware
    main.o(i.Pcap04_Init_Tow) refers to main.o(i.Write_Config) for Write_Config
    main.o(i.Pcap04_Init_Tow) refers to main.o(i.Pcap04_Initialize) for Pcap04_Initialize
    main.o(i.Pcap04_Init_Tow) refers to main.o(i.Pcap04_CDCStart) for Pcap04_CDCStart
    main.o(i.Pcap04_Init_Tow) refers to main.o(.data) for PCAP04_Firmware
    main.o(i.Pcap04_Initialize) refers to main.o(i.nrf_gpio_pin_clear) for nrf_gpio_pin_clear
    main.o(i.Pcap04_Initialize) refers to main.o(i.nrf_delay_ms) for nrf_delay_ms
    main.o(i.Pcap04_Initialize) refers to main.o(i.nrf_drv_spi_transfer) for nrf_drv_spi_transfer
    main.o(i.Pcap04_Initialize) refers to app_error_handler_keil.o(.emb_text) for app_error_handler
    main.o(i.Pcap04_Initialize) refers to main.o(i.nrf_gpio_pin_set) for nrf_gpio_pin_set
    main.o(i.Pcap04_Initialize) refers to main.o(.data) for spi_xfer_done
    main.o(i.Pcap04_Initialize) refers to main.o(.constdata) for spi
    main.o(i.Pcap04_Power_Reset) refers to main.o(i.nrf_gpio_pin_clear) for nrf_gpio_pin_clear
    main.o(i.Pcap04_Power_Reset) refers to main.o(i.nrf_delay_ms) for nrf_delay_ms
    main.o(i.Pcap04_Power_Reset) refers to main.o(i.nrf_drv_spi_transfer) for nrf_drv_spi_transfer
    main.o(i.Pcap04_Power_Reset) refers to app_error_handler_keil.o(.emb_text) for app_error_handler
    main.o(i.Pcap04_Power_Reset) refers to main.o(i.nrf_gpio_pin_set) for nrf_gpio_pin_set
    main.o(i.Pcap04_Power_Reset) refers to main.o(.data) for spi_xfer_done
    main.o(i.Pcap04_Power_Reset) refers to main.o(.constdata) for spi
    main.o(i.Pcap04_ReadFirmware) refers to main.o(i.nrf_gpio_pin_clear) for nrf_gpio_pin_clear
    main.o(i.Pcap04_ReadFirmware) refers to main.o(i.nrf_delay_ms) for nrf_delay_ms
    main.o(i.Pcap04_ReadFirmware) refers to main.o(i.nrf_drv_spi_transfer) for nrf_drv_spi_transfer
    main.o(i.Pcap04_ReadFirmware) refers to app_error_handler_keil.o(.emb_text) for app_error_handler
    main.o(i.Pcap04_ReadFirmware) refers to main.o(i.nrf_gpio_pin_set) for nrf_gpio_pin_set
    main.o(i.Pcap04_ReadFirmware) refers to main.o(.data) for spi_xfer_done
    main.o(i.Pcap04_ReadFirmware) refers to main.o(.constdata) for spi
    main.o(i.Pcap04_Read_CDC_Result) refers to main.o(i.nrf_gpio_pin_clear) for nrf_gpio_pin_clear
    main.o(i.Pcap04_Read_CDC_Result) refers to main.o(i.nrf_drv_spi_transfer) for nrf_drv_spi_transfer
    main.o(i.Pcap04_Read_CDC_Result) refers to app_error_handler_keil.o(.emb_text) for app_error_handler
    main.o(i.Pcap04_Read_CDC_Result) refers to main.o(i.nrf_gpio_pin_set) for nrf_gpio_pin_set
    main.o(i.Pcap04_Read_CDC_Result) refers to main.o(i.nrfx_coredep_delay_us) for nrfx_coredep_delay_us
    main.o(i.Pcap04_Read_CDC_Result) refers to main.o(.data) for spi_xfer_done
    main.o(i.Pcap04_Read_CDC_Result) refers to main.o(.constdata) for spi
    main.o(i.Pcap04_Test) refers to main.o(i.nrf_gpio_pin_clear) for nrf_gpio_pin_clear
    main.o(i.Pcap04_Test) refers to main.o(i.nrf_delay_ms) for nrf_delay_ms
    main.o(i.Pcap04_Test) refers to main.o(i.nrf_drv_spi_transfer) for nrf_drv_spi_transfer
    main.o(i.Pcap04_Test) refers to app_error_handler_keil.o(.emb_text) for app_error_handler
    main.o(i.Pcap04_Test) refers to main.o(i.nrf_gpio_pin_set) for nrf_gpio_pin_set
    main.o(i.Pcap04_Test) refers to main.o(.data) for spi_xfer_done
    main.o(i.Pcap04_Test) refers to main.o(.constdata) for spi
    main.o(i.Pcap04_WriteFirmware) refers to main.o(i.nrf_gpio_pin_clear) for nrf_gpio_pin_clear
    main.o(i.Pcap04_WriteFirmware) refers to main.o(i.nrf_delay_ms) for nrf_delay_ms
[...]
    nrfx_gpiote_in_is_set                    0x0002e95d   Thumb Code    20  nrfx_gpiote.o(i.nrfx_gpiote_in_is_set)
    nrfx_gpiote_init                         0x0002e971   Thumb Code   200  nrfx_gpiote.o(i.nrfx_gpiote_init)
    nrfx_gpiote_is_init                      0x0002ea49   Thumb Code    16  nrfx_gpiote.o(i.nrfx_gpiote_is_init)
    nrfx_prs_acquire                         0x0002eb21   Thumb Code    78  nrfx_prs.o(i.nrfx_prs_acquire)
    nrfx_spim_init                           0x0002eb71   Thumb Code   444  nrfx_spim.o(i.nrfx_spim_init)
    nrfx_spim_xfer                           0x0002ed3d   Thumb Code   104  nrfx_spim.o(i.nrfx_spim_xfer)
    nrfx_twi_enable                          0x0002eda9   Thumb Code    32  nrfx_twi.o(i.nrfx_twi_enable)
    nrfx_twi_init                            0x0002edcd   Thumb Code   280  nrfx_twi.o(i.nrfx_twi_init)
    nrfx_twi_rx                              0x0002eef5   Thumb Code    44  nrfx_twi.o(i.nrfx_twi_rx)
    nrfx_twi_tx                              0x0002ef25   Thumb Code    62  nrfx_twi.o(i.nrfx_twi_tx)
    nrfx_twi_xfer                            0x0002ef65   Thumb Code    44  nrfx_twi.o(i.nrfx_twi_xfer)
    nvmc_config                              0x0002f01d   Thumb Code    14  system_nrf52.o(i.nvmc_config)
    nvmc_wait                                0x0002f031   Thumb Code    12  system_nrf52.o(i.nvmc_wait)
    point_transfer                           0x0002faa9   Thumb Code    74  main.o(i.point_transfer)
    spi_event_handler                        0x00030601   Thumb Code     8  main.o(i.spi_event_handler)
    twi_init                                 0x00030c0d   Thumb Code    54  twi.o(i.twi_init)
    twi_read_register                        0x00030d77   Thumb Code    24  twi.o(i.twi_read_register)
    twi_read_register_block                  0x00030d91   Thumb Code    56  twi.o(i.twi_read_register_block)
    twi_write_register                       0x0003117d   Thumb Code    20  twi.o(i.twi_write_register)
    twi_write_register_block                 0x00031191   Thumb Code    60  twi.o(i.twi_write_register_block)
    nrf_log_backend_rtt_api                  0x00031960   Data          12  nrf_log_backend_rtt.o(.constdata)
    m_ram_start                              0x00031a08   Data           4  nrf_sdh_ble.o(.constdata)
    __ctype_table                            0x00031a28   Data         129  ctype_o.o(.constdata)
    Region$$Table$$Base                      0x000322cc   Number         0  anon$$obj.o(Region$$Table)
    Region$$Table$$Limit                     0x000322ec   Number         0  anon$$obj.o(Region$$Table)
    log_const_data$$Base                     0x000322fc   Number         0  nrf_ble_gatt.o(log_const_data)
    m_nrf_log_nrf_ble_gatt_logs_data_const   0x000322fc   Data           8  nrf_ble_gatt.o(log_const_data)
    m_nrf_log_ble_nus_logs_data_const        0x00032304   Data           8  ble_nus.o(log_const_data)
    m_nrf_log_clock_logs_data_const          0x0003230c   Data           8  nrf_drv_clock.o(log_const_data)
    m_nrf_log_CLOCK_logs_data_const          0x00032314   Data           8  nrfx_clock.o(log_const_data)
    m_nrf_log_GPIOTE_logs_data_const         0x0003231c   Data           8  nrfx_gpiote.o(log_const_data)
    m_nrf_log_PRS_logs_data_const            0x00032324   Data           8  nrfx_prs.o(log_const_data)
    m_nrf_log_UART_logs_data_const           0x0003232c   Data           8  nrfx_uart.o(log_const_data)
    m_nrf_log_UARTE_logs_data_const          0x00032334   Data           8  nrfx_uarte.o(log_const_data)
    m_nrf_log_SPIM_logs_data_const           0x0003233c   Data           8  nrfx_spim.o(log_const_data)
    m_nrf_log_TWI_logs_data_const            0x00032344   Data           8  nrfx_twi.o(log_const_data)
    m_nrf_log_WDT_logs_data_const            0x0003234c   Data           8  nrfx_wdt.o(log_const_data)
    m_nrf_log_app_button_logs_data_const     0x00032354   Data           8  app_button.o(log_const_data)
    m_nrf_log_app_timer_logs_data_const      0x0003235c   Data           8  app_timer2.o(log_const_data)
    m_nrf_log_pwr_mgmt_logs_data_const       0x00032364   Data           8  nrf_pwr_mgmt.o(log_const_data)
    m_nrf_log_sortlist_logs_data_const       0x0003236c   Data           8  nrf_sortlist.o(log_const_data)
    m_nrf_log_app_logs_data_const            0x00032374   Data           8  nrf_log_frontend.o(log_const_data)
    m_nrf_log_nrf_sdh_logs_data_const        0x0003237c   Data           8  nrf_sdh.o(log_const_data)
    m_nrf_log_nrf_sdh_ble_logs_data_const    0x00032384   Data           8  nrf_sdh_ble.o(log_const_data)
    m_nrf_log_nrf_sdh_soc_logs_data_const    0x0003238c   Data           8  nrf_sdh_soc.o(log_const_data)
    log_const_data$$Limit                    0x00032394   Number         0  nrf_sdh_soc.o(log_const_data)
    log_mempool                              0x00032394   Data          20  nrf_log_frontend.o(nrf_balloc)
    sdh_ble_observers0$$Base                 0x000323a8   Number         0  ble_conn_state.o(sdh_ble_observers0)
    sdh_ble_observers0$$Limit                0x000323b0   Number         0  ble_conn_state.o(sdh_ble_observers0)
    sdh_ble_observers1$$Base                 0x000323b0   Number         0  main.o(sdh_ble_observers1)
    sdh_ble_observers1$$Limit                0x000323d0   Number         0  ble_conn_params.o(sdh_ble_observers1)
    sdh_ble_observers2$$Base                 0x000323d0   Number         0  main.o(sdh_ble_observers2)
    sdh_ble_observers2$$Limit                0x000323e0   Number         0  main.o(sdh_ble_observers2)
    sdh_ble_observers3$$Base                 0x000323e0   Number         0  main.o(sdh_ble_observers3)
    sdh_ble_observers3$$Limit                0x000323e8   Number         0  main.o(sdh_ble_observers3)
    sdh_soc_observers0$$Base                 0x000323e8   Number         0  nrf_drv_clock.o(sdh_soc_observers0)
    sdh_soc_observers0$$Limit                0x000323f0   Number         0  nrf_drv_clock.o(sdh_soc_observers0)
    sdh_stack_observers0$$Base               0x000323f0   Number         0  nrf_sdh_ble.o(sdh_stack_observers0)
    sdh_stack_observers0$$Limit              0x00032400   Number         0  nrf_sdh_soc.o(sdh_stack_observers0)
    sdh_state_observers0$$Base               0x00032400   Number         0  nrf_drv_clock.o(sdh_state_observers0)
    sdh_state_observers0$$Limit              0x00032408   Number         0  nrf_drv_clock.o(sdh_state_observers0)
    Image$$RW_IRAM1$$Base                    0x20002ae8   Number         0  anon$$obj.o ABSOLUTE
    ble_packet_length                        0x20002b1c   Data           2  main.o(.data)
    sensor_num                               0x20002b1f   Data           1  main.o(.data)
    force_number                             0x20002b20   Data           1  main.o(.data)
    force_interval                           0x20002b24   Data           4  main.o(.data)
    force_count                              0x20002b28   Data           1  main.o(.data)
    StringSelect                             0x20002b29   Data           1  main.o(.data)
    length                                   0x20002b2a   Data           1  main.o(.data)
    counter                                  0x20002b2b   Data           1  main.o(.data)
    packet_count                             0x20002b2c   Data           1  main.o(.data)
    a                                        0x20002b30   Data           4  main.o(.data)
    WR_MEM                                   0x20002b34   Data           2  main.o(.data)
    WR_CONFIG                                0x20002b36   Data           2  main.o(.data)
    POR                                      0x20002b38   Data           1  main.o(.data)
    INITIALIZE                               0x20002b39   Data           1  main.o(.data)
    CDC_START                                0x20002b3a   Data           1  main.o(.data)
    TEST                                     0x20002b3b   Data           2  main.o(.data)
    RD_MEM                                   0x20002b3d   Data           2  main.o(.data)
    Test_buff                                0x20002b3f   Data           2  main.o(.data)
    data_buff                                0x20002b41   Data           4  main.o(.data)
    cap_high                                 0x20002b45   Data           1  main.o(.data)
    cap_low                                  0x20002b48   Data           4  main.o(.data)
    b                                        0x20002b4c   Data           2  main.o(.data)
    count_temp                               0x20002b4e   Data           1  main.o(.data)
    acc_x                                    0x20002b50   Data           2  main.o(.data)
    acc_y                                    0x20002b52   Data           2  main.o(.data)
    acc_z                                    0x20002b54   Data           2  main.o(.data)
    gyro_x                                   0x20002b56   Data           2  main.o(.data)
    gyro_y                                   0x20002b58   Data           2  main.o(.data)
    gyro_z                                   0x20002b5a   Data           2  main.o(.data)
    mag_x                                    0x20002b5c   Data           2  main.o(.data)
    mag_y                                    0x20002b5e   Data           2  main.o(.data)
    mag_z                                    0x20002b60   Data           2  main.o(.data)
    yaw                                      0x20002b62   Data           2  main.o(.data)
    roll                                     0x20002b64   Data           2  main.o(.data)
    pitch                                    0x20002b66   Data           2  main.o(.data)
    gx                                       0x20002b68   Data           2  main.o(.data)
    gy                                       0x20002b6a   Data           2  main.o(.data)
    gz                                       0x20002b6c   Data           2  main.o(.data)
    qx                                       0x20002b6e   Data           2  main.o(.data)
    qy                                       0x20002b70   Data           2  main.o(.data)
    qz                                       0x20002b72   Data           2  main.o(.data)
    qw                                       0x20002b74   Data           2  main.o(.data)
    init_data                                0x20002b76   Data           1  main.o(.data)
    calibrate_acc_x                          0x20002b78   Data           2  main.o(.data)
    calibrate_acc_y                          0x20002b7a   Data           2  main.o(.data)
    calibrate_acc_z                          0x20002b7c   Data           2  main.o(.data)
    calibrate_gyro_x                         0x20002b7e   Data           2  main.o(.data)
    calibrate_gyro_y                         0x20002b80   Data           2  main.o(.data)
    calibrate_gyro_z                         0x20002b82   Data           2  main.o(.data)
    calibrate_mag_x                          0x20002b84   Data           2  main.o(.data)
    calibrate_mag_y                          0x20002b86   Data           2  main.o(.data)
    calibrate_mag_z                          0x20002b88   Data           2  main.o(.data)
    ACC_X                                    0x20002b8c   Data           4  main.o(.data)
    ACC_Y                                    0x20002b90   Data           4  main.o(.data)
    ACC_Z                                    0x20002b94   Data           4  main.o(.data)
    GYRO_X                                   0x20002b98   Data           4  main.o(.data)
    GYRO_Y                                   0x20002b9c   Data           4  main.o(.data)
    GYRO_Z                                   0x20002ba0   Data           4  main.o(.data)
    MAG_X                                    0x20002ba4   Data           4  main.o(.data)
    MAG_Y                                    0x20002ba8   Data           4  main.o(.data)
    MAG_Z                                    0x20002bac   Data           4  main.o(.data)
    YAW                                      0x20002bb0   Data           4  main.o(.data)
    ROLL                                     0x20002bb4   Data           4  main.o(.data)
    PITCH                                    0x20002bb8   Data           4  main.o(.data)
    GX                                       0x20002bbc   Data           4  main.o(.data)
    GY                                       0x20002bc0   Data           4  main.o(.data)
    GZ                                       0x20002bc4   Data           4  main.o(.data)
    QX                                       0x20002bc8   Data           4  main.o(.data)
    QY                                       0x20002bcc   Data           4  main.o(.data)
    QZ                                       0x20002bd0   Data           4  main.o(.data)
    QW                                       0x20002bd4   Data           4  main.o(.data)
    chip_ID                                  0x20002bd8   Data           1  main.o(.data)
    page                                     0x20002bd9   Data           1  main.o(.data)
    PCAP04_Firmware                          0x20002c0e   Data        1024  main.o(.data)
    sensor_switch                            0x2000300e   Data          16  main.o(.data)
    point                                    0x20003020   Data         660  main.o(.data)
    SystemCoreClock                          0x20003444   Data           4  system_nrf52.o(.data)
    res_force                                0x2000389c   Data          60  main.o(.bss)
    force_temp                               0x200038d8   Data          60  main.o(.bss)
    ble_force_buffer                         0x20003914   Data         498  main.o(.bss)
    data_buffer                              0x20003b06   Data         499  main.o(.bss)
    read_mem                                 0x20003cf9   Data        1024  main.o(.bss)
    RES_data_buff                            0x200040fc   Data          12  main.o(.bss)
    RES_data_buff_fake                       0x20004108   Data          12  main.o(.bss)
    per_channel_data                         0x20004114   Data          60  main.o(.bss)
    per_channel_data_buffer                  0x20004150   Data          60  main.o(.bss)
    first_per_channel_data                   0x2000418c   Data          60  main.o(.bss)
    ble_data_buffer                          0x200041c8   Data         243  main.o(.bss)
    prev                                     0x200042bc   Data          60  main.o(.bss)
    current                                  0x200042f8   Data          60  main.o(.bss)
    final                                    0x20004334   Data          60  main.o(.bss)
    zero_sum                                 0x20004370   Data          60  main.o(.bss)
    first_buff                               0x200043ac   Data          60  main.o(.bss)
    force_tmp                                0x200043e8   Data          60  main.o(.bss)
    cal_temp                                 0x20004424   Data         660  main.o(.bss)
    acc_x_cal                                0x200046b8   Data         200  main.o(.bss)
    acc_y_cal                                0x20004780   Data         200  main.o(.bss)
    acc_z_cal                                0x20004848   Data         200  main.o(.bss)
    gyro_x_cal                               0x20004910   Data         200  main.o(.bss)
    gyro_y_cal                               0x200049d8   Data         200  main.o(.bss)
    gyro_z_cal                               0x20004aa0   Data         200  main.o(.bss)
    mag_x_cal                                0x20004b68   Data         200  main.o(.bss)
    mag_y_cal                                0x20004c30   Data         200  main.o(.bss)
    mag_z_cal                                0x20004cf8   Data         200  main.o(.bss)
    nrf_nvic_state                           0x20005334   Data          12  app_util_platform.o(.bss)
    _SEGGER_RTT                              0x20005904   Data         120  segger_rtt.o(.bss)
    __initial_sp                             0x20007b90   Data           0  arm_startup_nrf52840.o(STACK)



==============================================================================

Memory Map of the image

  Image Entry point : 0x00027201

  Load Region LR_IROM1 (Base: 0x00027000, Size: 0x0000bd68, Max: 0x000d9000, ABSOLUTE, COMPRESSED[0x0000b924])

    Execution Region ER_IROM1 (Exec base: 0x00027000, Load base: 0x00027000, Size: 0x0000b408, Max: 0x000d9000, ABSOLUTE)

    Exec Addr    Load Addr    Size         Type   Attr      Idx    E Section Name        Object

    0x00027000   0x00027000   0x00000200   Data   RO         7325    RESET               arm_startup_nrf52840.o
    0x00027200   0x00027200   0x00000000   Code   RO         9308  * .ARM.Collect$$$$00000000  mc_w.l(entry.o)
    0x00027200   0x00027200   0x00000004   Code   RO         9630    .ARM.Collect$$$$00000001  mc_w.l(entry2.o)
    0x00027204   0x00027204   0x00000004   Code   RO         9633    .ARM.Collect$$$$00000004  mc_w.l(entry5.o)
    0x00027208   0x00027208   0x00000000   Code   RO         9635    .ARM.Collect$$$$00000008  mc_w.l(entry7b.o)
    0x00027208   0x00027208   0x00000000   Code   RO         9637    .ARM.Collect$$$$0000000A  mc_w.l(entry8b.o)
    0x00027208   0x00027208   0x00000008   Code   RO         9638    .ARM.Collect$$$$0000000B  mc_w.l(entry9a.o)
    0x00027210   0x00027210   0x00000004   Code   RO         9645    .ARM.Collect$$$$0000000E  mc_w.l(entry12b.o)
    0x00027214   0x00027214   0x00000000   Code   RO         9640    .ARM.Collect$$$$0000000F  mc_w.l(entry10a.o)
    0x00027214   0x00027214   0x00000000   Code   RO         9642    .ARM.Collect$$$$00000011  mc_w.l(entry11a.o)
    0x00027214   0x00027214   0x00000004   Code   RO         9631    .ARM.Collect$$$$00002712  mc_w.l(entry2.o)
    0x00027218   0x00027218   0x0000001a   Code   RO         4859    .emb_text           app_error_handler_keil.o
    0x00027232   0x00027232   0x00000002   PAD
    0x00027234   0x00027234   0x000000c8   Code   RO         5646    .emb_text           nrf_atfifo.o
    0x000272fc   0x000272fc   0x000000e2   Code   RO         5785    .emb_text           nrf_atomic.o
    0x000273de   0x000273de   0x00000002   PAD
    0x000273e0   0x000273e0   0x00000024   Code   RO         7326    .text               arm_startup_nrf52840.o
    0x00027404   0x00027404   0x00000062   Code   RO         9311    .text               mc_w.l(uldiv.o)
    0x00027466   0x00027466   0x0000001e   Code   RO         9313    .text               mc_w.l(llshl.o)
    0x00027484   0x00027484   0x00000008   Code   RO         9315    .text               mc_w.l(ctype_o.o)
    0x0002748c   0x0002748c   0x00000024   Code   RO         9343    .text               mc_w.l(memcpya.o)
    0x000274b0   0x000274b0   0x00000024   Code   RO         9345    .text               mc_w.l(memseta.o)
    0x000274d4   0x000274d4   0x0000000e   Code   RO         9347    .text               mc_w.l(strlen.o)
    0x000274e2   0x000274e2   0x00000012   Code   RO         9351    .text               mc_w.l(strcpy.o)
    0x000274f4   0x000274f4   0x000000e4   Code   RO         9616    .text               mf_w.l(dmul.o)
    0x000275d8   0x000275d8   0x000000de   Code   RO         9618    .text               mf_w.l(ddiv.o)
    0x000276b6   0x000276b6   0x00000022   Code   RO         9620    .text               mf_w.l(dflti.o)
    0x000276d8   0x000276d8   0x0000001a   Code   RO         9622    .text               mf_w.l(dfltui.o)
    0x000276f2   0x000276f2   0x00000026   Code   RO         9624    .text               mf_w.l(f2d.o)
    0x00027718   0x00027718   0x00000030   Code   RO         9626    .text               mf_w.l(cdrcmple.o)
    0x00027748   0x00027748   0x00000038   Code   RO         9628    .text               mf_w.l(d2f.o)
    0x00027780   0x00027780   0x00000020   Code   RO         9648    .text               mc_w.l(llushr.o)
    0x000277a0   0x000277a0   0x00000000   Code   RO         9650    .text               mc_w.l(iusefp.o)
    0x000277a0   0x000277a0   0x0000006e   Code   RO         9651    .text               mf_w.l(fepilogue.o)
    0x0002780e   0x0002780e   0x000000ba   Code   RO         9653    .text               mf_w.l(depilogue.o)
    0x000278c8   0x000278c8   0x00000024   Code   RO         9659    .text               mc_w.l(init.o)
    0x000278ec   0x000278ec   0x00000056   Code   RO         9671    .text               mc_w.l(__dczerorl2.o)
    0x00027942   0x00027942   0x00000034   Code   RO            4    i.ADG706_Trigger    main.o
    0x00027976   0x00027976   0x00000002   PAD
    0x00027978   0x00027978   0x000000c0   Code   RO         3207    i.GPIOTE_IRQHandler  nrfx_gpiote.o
    0x00027a38   0x00027a38   0x000000a4   Code   RO            5    i.MUXswitch         main.o
    0x00027adc   0x00027adc   0x00000054   Code   RO         3044    i.POWER_CLOCK_IRQHandler  nrfx_clock.o
    0x00027b30   0x00027b30   0x00000070   Code   RO            6    i.Pcap04_CDCStart   main.o
    0x00027ba0   0x00027ba0   0x00000044   Code   RO            7    i.Pcap04_Init_Tow   main.o
    0x00027be4   0x00027be4   0x00000070   Code   RO            8    i.Pcap04_Initialize  main.o
    0x00027c54   0x00027c54   0x00000070   Code   RO            9    i.Pcap04_Power_Reset  main.o
    0x00027cc4   0x00027cc4   0x000000e4   Code   RO           11    i.Pcap04_Read_CDC_Result  main.o
    0x00027da8   0x00027da8   0x00000074   Code   RO           12    i.Pcap04_Test       main.o
    0x00027e1c   0x00027e1c   0x000000b0   Code   RO           13    i.Pcap04_WriteFirmware  main.o
    0x00027ecc   0x00027ecc   0x0000003c   Code   RO           14    i.Pcap_Scan         main.o
    0x00027f08   0x00027f08   0x00000114   Code   RO           16    i.Pcap_read_value   main.o
    0x0002801c   0x0002801c   0x0000005c   Code   RO           17    i.Pcap_read_zeropoint_value  main.o
    0x00028078   0x00028078   0x00000018   Code   RO         5385    i.RTC1_IRQHandler   drv_rtc.o
    0x00028090   0x00028090   0x00000098   Code   RO           18    i.Read_Zeropoint    main.o
    0x00028128   0x00028128   0x00000008   Code   RO         6855    i.SEGGER_RTT_Init   segger_rtt.o
    0x00028130   0x00028130   0x00000084   Code   RO         6869    i.SEGGER_RTT_WriteNoLock  segger_rtt.o
    0x000281b4   0x000281b4   0x00000014   Code   RO         4131    i.SPIM0_SPIS0_TWIM0_TWIS0_SPI0_TWI0_IRQHandler  nrfx_spim.o
    0x000281c8   0x000281c8   0x00000014   Code   RO         4280    i.SPIM1_SPIS1_TWIM1_TWIS1_SPI1_TWI1_IRQHandler  nrfx_twi.o
    0x000281dc   0x000281dc   0x00000008   Code   RO         7107    i.SWI2_EGU2_IRQHandler  nrf_sdh.o
    0x000281e4   0x000281e4   0x00000010   Code   RO         7333    i.SystemCoreClockUpdate  system_nrf52.o
    0x000281f4   0x000281f4   0x000001f0   Code   RO         7334    i.SystemInit        system_nrf52.o
    0x000283e4   0x000283e4   0x00000010   Code   RO         3582    i.UARTE0_UART0_IRQHandler  nrfx_prs.o
    0x000283f4   0x000283f4   0x00000040   Code   RO         4524    i.WDT_IRQHandler    nrfx_wdt.o
    0x00028434   0x00028434   0x000001d0   Code   RO           19    i.Write_Config      main.o
    0x00028604   0x00028604   0x00000070   Code   RO         6873    i._DoInit           segger_rtt.o
    0x00028674   0x00028674   0x0000001c   Code   RO         6874    i._GetAvailWriteSpace  segger_rtt.o
    0x00028690   0x00028690   0x00000072   Code   RO         6876    i._WriteBlocking    segger_rtt.o
    0x00028702   0x00028702   0x0000004c   Code   RO         6877    i._WriteNoCheck     segger_rtt.o
    0x0002874e   0x0002874e   0x0000000e   Code   RO         9665    i.__scatterload_copy  mc_w.l(handlers.o)
    0x0002875c   0x0002875c   0x00000002   Code   RO         9666    i.__scatterload_null  mc_w.l(handlers.o)
    0x0002875e   0x0002875e   0x0000000e   Code   RO         9667    i.__scatterload_zeroinit  mc_w.l(handlers.o)
    0x0002876c   0x0002876c   0x00000038   Code   RO         7108    i.__sd_nvic_app_accessible_irq  nrf_sdh.o
    0x000287a4   0x000287a4   0x0000000c   Code   RO         5295    i.__sd_nvic_irq_disable  app_util_platform.o
    0x000287b0   0x000287b0   0x00000018   Code   RO         1813    i.addr_is_valid     ble_advertising.o
    0x000287c8   0x000287c8   0x00000058   Code   RO         1814    i.adv_mode_next_avail_get  ble_advertising.o
    0x00028820   0x00028820   0x00000012   Code   RO         1815    i.adv_mode_next_get  ble_advertising.o
    0x00028832   0x00028832   0x00000012   Code   RO         1816    i.adv_set_data_size_max_get  ble_advertising.o
    0x00028844   0x00028844   0x00000054   Code   RO         1528    i.advertising_buttons_configure  bsp_btn_ble.o
    0x00028898   0x00028898   0x00000088   Code   RO           20    i.advertising_init  main.o
    0x00028920   0x00028920   0x0000003c   Code   RO           21    i.advertising_start  main.o
    0x0002895c   0x0002895c   0x0000000c   Code   RO         1405    i.alert_timer_handler  bsp.o
    0x00028968   0x00028968   0x0000002c   Code   RO         4723    i.app_button_enable  app_button.o
    0x00028994   0x00028994   0x000000b0   Code   RO         4724    i.app_button_init   app_button.o
    0x00028a44   0x00028a44   0x000001c8   Code   RO         4881    i.app_error_fault_handler  app_error_weak.o
    0x00028c0c   0x00028c0c   0x00000088   Code   RO         4826    i.app_error_save_and_stop  app_error.o
    0x00028c94   0x00028c94   0x00000010   Code   RO         5054    i.app_timer_cnt_get  app_timer2.o
    0x00028ca4   0x00028ca4   0x00000028   Code   RO         5055    i.app_timer_create  app_timer2.o
    0x00028ccc   0x00028ccc   0x0000006c   Code   RO         5056    i.app_timer_init    app_timer2.o
    0x00028d38   0x00028d38   0x0000005e   Code   RO         5059    i.app_timer_start   app_timer2.o
    0x00028d96   0x00028d96   0x00000046   Code   RO         5060    i.app_timer_stop    app_timer2.o
    0x00028ddc   0x00028ddc   0x0000000c   Code   RO         5296    i.app_util_critical_region_enter  app_util_platform.o
    0x00028de8   0x00028de8   0x00000048   Code   RO         5297    i.app_util_critical_region_exit  app_util_platform.o
    0x00028e30   0x00028e30   0x00000052   Code   RO         1683    i.appearance_encode  ble_advdata.o
    0x00028e82   0x00028e82   0x00000002   PAD
    0x00028e84   0x00028e84   0x0000003c   Code   RO         6581    i.backend_id_assign  nrf_log_frontend.o
    0x00028ec0   0x00028ec0   0x0000006c   Code   RO         2274    i.blcm_link_ctx_get  ble_link_ctx_manager.o
    0x00028f2c   0x00028f2c   0x0000016c   Code   RO         1685    i.ble_advdata_encode  ble_advdata.o
    0x00029098   0x00029098   0x00000028   Code   RO         1687    i.ble_advdata_parse  ble_advdata.o
    0x000290c0   0x000290c0   0x0000005c   Code   RO         1688    i.ble_advdata_search  ble_advdata.o
    0x0002911c   0x0002911c   0x00000006   Code   RO         1818    i.ble_advertising_conn_cfg_tag_set  ble_advertising.o
    0x00029122   0x00029122   0x00000108   Code   RO         1819    i.ble_advertising_init  ble_advertising.o
    0x0002922a   0x0002922a   0x0000003c   Code   RO         1821    i.ble_advertising_on_ble_evt  ble_advertising.o
    0x00029266   0x00029266   0x0000004a   Code   RO         1823    i.ble_advertising_restart_without_whitelist  ble_advertising.o
    0x000292b0   0x000292b0   0x00000174   Code   RO         1824    i.ble_advertising_start  ble_advertising.o
    0x00029424   0x00029424   0x0000009c   Code   RO         1975    i.ble_conn_params_init  ble_conn_params.o
    0x000294c0   0x000294c0   0x00000014   Code   RO         2084    i.ble_conn_state_conn_idx  ble_conn_state.o
    0x000294d4   0x000294d4   0x0000001c   Code   RO         2098    i.ble_conn_state_valid  ble_conn_state.o
    0x000294f0   0x000294f0   0x00000076   Code   RO         1691    i.ble_device_addr_encode  ble_advdata.o
    0x00029566   0x00029566   0x00000002   PAD
    0x00029568   0x00029568   0x000001d4   Code   RO           23    i.ble_evt_handler   main.o
    0x0002973c   0x0002973c   0x00000078   Code   RO         1529    i.ble_evt_handler   bsp_btn_ble.o
    0x000297b4   0x000297b4   0x00000040   Code   RO         1977    i.ble_evt_handler   ble_conn_params.o
    0x000297f4   0x000297f4   0x000000f8   Code   RO         2099    i.ble_evt_handler   ble_conn_state.o
    0x000298ec   0x000298ec   0x0000007a   Code   RO         2607    i.ble_nus_data_send  ble_nus.o
    0x00029966   0x00029966   0x00000002   PAD
    0x00029968   0x00029968   0x00000108   Code   RO         2608    i.ble_nus_init      ble_nus.o
    0x00029a70   0x00029a70   0x00000044   Code   RO         2609    i.ble_nus_on_ble_evt  ble_nus.o
    0x00029ab4   0x00029ab4   0x00000012   Code   RO         2303    i.ble_srv_is_notification_enabled  ble_srv_common.o
    0x00029ac6   0x00029ac6   0x00000002   PAD
    0x00029ac8   0x00029ac8   0x00000078   Code   RO           24    i.ble_stack_init    main.o
    0x00029b40   0x00029b40   0x00000390   Code   RO           25    i.bno055_convert_data  main.o
    0x00029ed0   0x00029ed0   0x000000e4   Code   RO           26    i.bno055_init       main.o
    0x00029fb4   0x00029fb4   0x0000000e   Code   RO           27    i.bno055_read       main.o
    0x00029fc2   0x00029fc2   0x00000046   Code   RO           28    i.bno055_read_acc_xyz  main.o
    0x0002a008   0x0002a008   0x00000046   Code   RO           29    i.bno055_read_euler  main.o
    0x0002a04e   0x0002a04e   0x00000046   Code   RO           30    i.bno055_read_grav  main.o
    0x0002a094   0x0002a094   0x00000046   Code   RO           31    i.bno055_read_gyro_xyz  main.o
    0x0002a0da   0x0002a0da   0x00000046   Code   RO           32    i.bno055_read_mag_xyz  main.o
    0x0002a120   0x0002a120   0x00000012   Code   RO           34    i.bno055_write      main.o
    0x0002a132   0x0002a132   0x00000002   PAD
    0x0002a134   0x0002a134   0x0000000c   Code   RO         1285    i.bsp_board_button_idx_to_pin  boards.o
    0x0002a140   0x0002a140   0x00000034   Code   RO         1286    i.bsp_board_button_state_get  boards.o
    0x0002a174   0x0002a174   0x0000002c   Code   RO         1287    i.bsp_board_buttons_init  boards.o
    0x0002a1a0   0x0002a1a0   0x0000001a   Code   RO         1288    i.bsp_board_init    boards.o
    0x0002a1ba   0x0002a1ba   0x00000002   PAD
    0x0002a1bc   0x0002a1bc   0x00000038   Code   RO         1290    i.bsp_board_led_invert  boards.o
    0x0002a1f4   0x0002a1f4   0x00000014   Code   RO         1291    i.bsp_board_led_off  boards.o
    0x0002a208   0x0002a208   0x00000014   Code   RO         1292    i.bsp_board_led_on  boards.o
    0x0002a21c   0x0002a21c   0x00000034   Code   RO         1293    i.bsp_board_led_state_get  boards.o
    0x0002a250   0x0002a250   0x00000030   Code   RO         1294    i.bsp_board_leds_init  boards.o
    0x0002a280   0x0002a280   0x00000014   Code   RO         1295    i.bsp_board_leds_off  boards.o
    0x0002a294   0x0002a294   0x00000014   Code   RO         1296    i.bsp_board_leds_on  boards.o
    0x0002a2a8   0x0002a2a8   0x00000024   Code   RO         1297    i.bsp_board_pin_to_button_idx  boards.o
    0x0002a2cc   0x0002a2cc   0x0000002c   Code   RO         1530    i.bsp_btn_ble_init  bsp_btn_ble.o
    0x0002a2f8   0x0002a2f8   0x00000032   Code   RO         1531    i.bsp_btn_ble_sleep_mode_prepare  bsp_btn_ble.o
    0x0002a32a   0x0002a32a   0x00000002   PAD
    0x0002a32c   0x0002a32c   0x000000c4   Code   RO         1406    i.bsp_button_event_handler  bsp.o
    0x0002a3f0   0x0002a3f0   0x00000014   Code   RO         1407    i.bsp_button_is_pressed  bsp.o
    0x0002a404   0x0002a404   0x00000090   Code   RO           35    i.bsp_event_handler  main.o
    0x0002a494   0x0002a494   0x0000005c   Code   RO         1410    i.bsp_event_to_button_action_assign  bsp.o
    0x0002a4f0   0x0002a4f0   0x00000020   Code   RO         1411    i.bsp_indication_set  bsp.o
    0x0002a510   0x0002a510   0x000000ac   Code   RO         1412    i.bsp_init          bsp.o
    0x0002a5bc   0x0002a5bc   0x00000388   Code   RO         1413    i.bsp_led_indication  bsp.o
    0x0002a944   0x0002a944   0x0000000e   Code   RO         1415    i.bsp_wakeup_button_enable  bsp.o
    0x0002a952   0x0002a952   0x00000002   PAD
    0x0002a954   0x0002a954   0x000000e8   Code   RO         6582    i.buf_prealloc      nrf_log_frontend.o
    0x0002aa3c   0x0002aa3c   0x0000002c   Code   RO         6010    i.buffer_add        nrf_fprintf_format.o
    0x0002aa68   0x0002aa68   0x00000018   Code   RO         6583    i.buffer_is_empty   nrf_log_frontend.o
    0x0002aa80   0x0002aa80   0x0000002c   Code   RO         4726    i.button_get        app_button.o
    0x0002aaac   0x0002aaac   0x0000000e   Code   RO         1416    i.button_timer_handler  bsp.o
    0x0002aaba   0x0002aaba   0x00000002   PAD
    0x0002aabc   0x0002aabc   0x00000070   Code   RO           36    i.buttons_leds_init  main.o
    0x0002ab2c   0x0002ab2c   0x00000094   Code   RO           37    i.cal_table_init    main.o
    0x0002abc0   0x0002abc0   0x00000020   Code   RO         3208    i.channel_free      nrfx_gpiote.o
    0x0002abe0   0x0002abe0   0x00000010   Code   RO         3209    i.channel_handler_get  nrfx_gpiote.o
    0x0002abf0   0x0002abf0   0x00000080   Code   RO         3210    i.channel_port_alloc  nrfx_gpiote.o
    0x0002ac70   0x0002ac70   0x0000000c   Code   RO         3211    i.channel_port_get  nrfx_gpiote.o
    0x0002ac7c   0x0002ac7c   0x000001c8   Code   RO         2305    i.characteristic_add  ble_srv_common.o
    0x0002ae44   0x0002ae44   0x00000030   Code   RO         2673    i.clock_clk_started_notify  nrf_drv_clock.o
    0x0002ae74   0x0002ae74   0x00000028   Code   RO         2674    i.clock_irq_handler  nrf_drv_clock.o
    0x0002ae9c   0x0002ae9c   0x00000026   Code   RO         5062    i.compare_func      app_timer2.o
    0x0002aec2   0x0002aec2   0x00000002   PAD
    0x0002aec4   0x0002aec4   0x00000220   Code   RO           39    i.compute_weight    main.o
    0x0002b0e4   0x0002b0e4   0x00000018   Code   RO         1826    i.config_is_valid   ble_advertising.o
    0x0002b0fc   0x0002b0fc   0x0000003c   Code   RO         2100    i.conn_handle_list_get  ble_conn_state.o
    0x0002b138   0x0002b138   0x0000005a   Code   RO         1692    i.conn_int_check    ble_advdata.o
    0x0002b192   0x0002b192   0x00000068   Code   RO         1693    i.conn_int_encode   ble_advdata.o
    0x0002b1fa   0x0002b1fa   0x00000002   PAD
    0x0002b1fc   0x0002b1fc   0x00000028   Code   RO           40    i.conn_params_error_handler  main.o
    0x0002b224   0x0002b224   0x00000070   Code   RO           41    i.conn_params_init  main.o
    0x0002b294   0x0002b294   0x00000054   Code   RO         1978    i.conn_params_negotiation  ble_conn_params.o
    0x0002b2e8   0x0002b2e8   0x00000054   Code   RO         1532    i.connection_buttons_configure  bsp_btn_ble.o
    0x0002b33c   0x0002b33c   0x00000090   Code   RO           42    i.converte_data     main.o
    0x0002b3cc   0x0002b3cc   0x00000130   Code   RO         2426    i.data_length_update  nrf_ble_gatt.o
    0x0002b4fc   0x0002b4fc   0x00000060   Code   RO         4727    i.detection_delay_timeout_handler  app_button.o
    0x0002b55c   0x0002b55c   0x00000018   Code   RO         6584    i.dropped_sat16_get  nrf_log_frontend.o
    0x0002b574   0x0002b574   0x00000016   Code   RO         5386    i.drv_rtc_compare_disable  drv_rtc.o
    0x0002b58a   0x0002b58a   0x0000001a   Code   RO         5389    i.drv_rtc_compare_pending  drv_rtc.o
    0x0002b5a4   0x0002b5a4   0x0000005c   Code   RO         5390    i.drv_rtc_compare_set  drv_rtc.o
    0x0002b600   0x0002b600   0x0000000c   Code   RO         5391    i.drv_rtc_counter_get  drv_rtc.o
    0x0002b60c   0x0002b60c   0x00000128   Code   RO         5392    i.drv_rtc_init      drv_rtc.o
    0x0002b734   0x0002b734   0x00000024   Code   RO         5393    i.drv_rtc_irq_trigger  drv_rtc.o
    0x0002b758   0x0002b758   0x00000012   Code   RO         5395    i.drv_rtc_overflow_enable  drv_rtc.o
    0x0002b76a   0x0002b76a   0x00000010   Code   RO         5396    i.drv_rtc_overflow_pending  drv_rtc.o
    0x0002b77a   0x0002b77a   0x0000000e   Code   RO         5397    i.drv_rtc_start     drv_rtc.o
    0x0002b788   0x0002b788   0x0000000e   Code   RO         5398    i.drv_rtc_stop      drv_rtc.o
    0x0002b796   0x0002b796   0x000000fc   Code   RO         5403    i.drv_rtc_windowed_compare_set  drv_rtc.o
    0x0002b892   0x0002b892   0x00000018   Code   RO         5404    i.evt_disable       drv_rtc.o
    0x0002b8aa   0x0002b8aa   0x0000001c   Code   RO         5405    i.evt_enable        drv_rtc.o
    0x0002b8c6   0x0002b8c6   0x00000002   PAD
    0x0002b8c8   0x0002b8c8   0x000000f0   Code   RO         4728    i.evt_handle        app_button.o
    0x0002b9b8   0x0002b9b8   0x0000001c   Code   RO         5406    i.evt_pending       drv_rtc.o
    0x0002b9d4   0x0002b9d4   0x0000002e   Code   RO         4132    i.finish_transfer   nrfx_spim.o
    0x0002ba02   0x0002ba02   0x0000001e   Code   RO         2101    i.flag_toggle       ble_conn_state.o
    0x0002ba20   0x0002ba20   0x00000036   Code   RO         1694    i.flags_encode      ble_advdata.o
    0x0002ba56   0x0002ba56   0x0000002c   Code   RO         1827    i.flags_set         ble_advertising.o
    0x0002ba82   0x0002ba82   0x00000002   PAD
    0x0002ba84   0x0002ba84   0x00000084   Code   RO           43    i.force_convert_hex  main.o
    0x0002bb08   0x0002bb08   0x000000a8   Code   RO           44    i.gap_params_init   main.o
    0x0002bbb0   0x0002bbb0   0x000000c0   Code   RO           45    i.gatt_evt_handler  main.o
    0x0002bc70   0x0002bc70   0x00000060   Code   RO           46    i.gatt_init         main.o
    0x0002bcd0   0x0002bcd0   0x0000003c   Code   RO         5063    i.get_now           app_timer2.o
    0x0002bd0c   0x0002bd0c   0x00000048   Code   RO         4729    i.gpiote_event_handler  app_button.o
    0x0002bd54   0x0002bd54   0x0000000e   Code   RO           47    i.idle_state_handle  main.o
    0x0002bd62   0x0002bd62   0x00000002   PAD
    0x0002bd64   0x0002bd64   0x0000002c   Code   RO         1979    i.instance_get      ble_conn_params.o
    0x0002bd90   0x0002bd90   0x000000be   Code   RO         6011    i.int_print         nrf_fprintf_format.o
    0x0002be4e   0x0002be4e   0x00000046   Code   RO         6586    i.invalid_packets_omit  nrf_log_frontend.o
    0x0002be94   0x0002be94   0x00000024   Code   RO         4133    i.irq_handler       nrfx_spim.o
    0x0002beb8   0x0002beb8   0x00000072   Code   RO         1980    i.is_conn_params_ok  ble_conn_params.o
    0x0002bf2a   0x0002bf2a   0x0000000c   Code   RO         2677    i.item_dequeue      nrf_drv_clock.o
    0x0002bf36   0x0002bf36   0x00000026   Code   RO         3212    i.latch_pending_read_and_check  nrfx_gpiote.o
    0x0002bf5c   0x0002bf5c   0x00000028   Code   RO         1417    i.leds_off          bsp.o
    0x0002bf84   0x0002bf84   0x00000020   Code   RO         1418    i.leds_timer_handler  bsp.o
    0x0002bfa4   0x0002bfa4   0x00000018   Code   RO         2679    i.lfclk_stop        nrf_drv_clock.o
    0x0002bfbc   0x0002bfbc   0x00000018   Code   RO         2427    i.link_init         nrf_ble_gatt.o
    0x0002bfd4   0x0002bfd4   0x0000003c   Code   RO           48    i.log_init          main.o
    0x0002c010   0x0002c010   0x00000002   Code   RO         6587    i.log_pending_hook  nrf_log_frontend.o
    0x0002c012   0x0002c012   0x00000002   PAD
    0x0002c014   0x0002c014   0x000000cc   Code   RO         6588    i.log_skip          nrf_log_frontend.o
    0x0002c0e0   0x0002c0e0   0x000002e4   Code   RO           49    i.main              main.o
    0x0002c3c4   0x0002c3c4   0x00000076   Code   RO         1695    i.manuf_specific_data_encode  ble_advdata.o
    0x0002c43a   0x0002c43a   0x000000ca   Code   RO         6055    i.memobj_op         nrf_memobj.o
    0x0002c504   0x0002c504   0x00000038   Code   RO         6589    i.module_idx_get    nrf_log_frontend.o
    0x0002c53c   0x0002c53c   0x000000c8   Code   RO         1696    i.name_encode       ble_advdata.o
    0x0002c604   0x0002c604   0x00000044   Code   RO         7417    i.nrf52_errata_103  system_nrf52.o
    0x0002c648   0x0002c648   0x00000044   Code   RO         7428    i.nrf52_errata_115  system_nrf52.o
    0x0002c68c   0x0002c68c   0x00000044   Code   RO         7434    i.nrf52_errata_120  system_nrf52.o
    0x0002c6d0   0x0002c6d0   0x00000044   Code   RO         7444    i.nrf52_errata_136  system_nrf52.o
    0x0002c714   0x0002c714   0x00000044   Code   RO         7532    i.nrf52_errata_249  system_nrf52.o
    0x0002c758   0x0002c758   0x00000044   Code   RO         7547    i.nrf52_errata_36   system_nrf52.o
    0x0002c79c   0x0002c79c   0x00000044   Code   RO         7570    i.nrf52_errata_66   system_nrf52.o
    0x0002c7e0   0x0002c7e0   0x00000044   Code   RO         7597    i.nrf52_errata_98   system_nrf52.o
    0x0002c824   0x0002c824   0x00000028   Code   RO         5650    i.nrf_atfifo_init   nrf_atfifo.o
    0x0002c84c   0x0002c84c   0x0000001c   Code   RO         5651    i.nrf_atfifo_item_alloc  nrf_atfifo.o
    0x0002c868   0x0002c868   0x0000001c   Code   RO         5652    i.nrf_atfifo_item_free  nrf_atfifo.o
    0x0002c884   0x0002c884   0x0000001c   Code   RO         5653    i.nrf_atfifo_item_get  nrf_atfifo.o
    0x0002c8a0   0x0002c8a0   0x0000001c   Code   RO         5654    i.nrf_atfifo_item_put  nrf_atfifo.o
    0x0002c8bc   0x0002c8bc   0x0000001e   Code   RO         5719    i.nrf_atflags_clear  nrf_atflags.o
    0x0002c8da   0x0002c8da   0x0000001e   Code   RO         5724    i.nrf_atflags_get   nrf_atflags.o
    0x0002c8f8   0x0002c8f8   0x0000001e   Code   RO         5726    i.nrf_atflags_set   nrf_atflags.o
    0x0002c916   0x0002c916   0x0000000e   Code   RO         5787    i.nrf_atomic_flag_clear_fetch  nrf_atomic.o
    0x0002c924   0x0002c924   0x0000000e   Code   RO         5788    i.nrf_atomic_flag_set  nrf_atomic.o
    0x0002c932   0x0002c932   0x00000016   Code   RO         5790    i.nrf_atomic_u32_add  nrf_atomic.o
    0x0002c948   0x0002c948   0x00000016   Code   RO         5791    i.nrf_atomic_u32_and  nrf_atomic.o
    0x0002c95e   0x0002c95e   0x00000016   Code   RO         5794    i.nrf_atomic_u32_fetch_and  nrf_atomic.o
    0x0002c974   0x0002c974   0x00000016   Code   RO         5796    i.nrf_atomic_u32_fetch_store  nrf_atomic.o
    0x0002c98a   0x0002c98a   0x00000016   Code   RO         5800    i.nrf_atomic_u32_or  nrf_atomic.o
    0x0002c9a0   0x0002c9a0   0x00000016   Code   RO         5802    i.nrf_atomic_u32_sub  nrf_atomic.o
    0x0002c9b6   0x0002c9b6   0x00000052   Code   RO         5924    i.nrf_balloc_alloc  nrf_balloc.o
    0x0002ca08   0x0002ca08   0x00000010   Code   RO         5925    i.nrf_balloc_block2idx  nrf_balloc.o
    0x0002ca18   0x0002ca18   0x00000030   Code   RO         5926    i.nrf_balloc_free   nrf_balloc.o
    0x0002ca48   0x0002ca48   0x0000000c   Code   RO         5927    i.nrf_balloc_idx2block  nrf_balloc.o
    0x0002ca54   0x0002ca54   0x0000003c   Code   RO         5928    i.nrf_balloc_init   nrf_balloc.o
    0x0002ca90   0x0002ca90   0x00000016   Code   RO         3213    i.nrf_bitmask_bit_is_set  nrfx_gpiote.o
    0x0002caa6   0x0002caa6   0x0000001e   Code   RO         2429    i.nrf_ble_gatt_att_mtu_periph_set  nrf_ble_gatt.o
    0x0002cac4   0x0002cac4   0x00000034   Code   RO         2433    i.nrf_ble_gatt_init  nrf_ble_gatt.o
    0x0002caf8   0x0002caf8   0x0000012c   Code   RO         2434    i.nrf_ble_gatt_on_ble_evt  nrf_ble_gatt.o
    0x0002cc24   0x0002cc24   0x00000020   Code   RO         2548    i.nrf_ble_qwr_conn_handle_assign  nrf_ble_qwr.o
    0x0002cc44   0x0002cc44   0x00000032   Code   RO         2549    i.nrf_ble_qwr_init  nrf_ble_qwr.o
    0x0002cc76   0x0002cc76   0x0000007c   Code   RO         2550    i.nrf_ble_qwr_on_ble_evt  nrf_ble_qwr.o
    0x0002ccf2   0x0002ccf2   0x00000012   Code   RO         3045    i.nrf_clock_event_check  nrfx_clock.o
    0x0002cd04   0x0002cd04   0x00000012   Code   RO         3046    i.nrf_clock_event_clear  nrfx_clock.o
    0x0002cd16   0x0002cd16   0x00000002   PAD
    0x0002cd18   0x0002cd18   0x0000000c   Code   RO         3047    i.nrf_clock_int_disable  nrfx_clock.o
    0x0002cd24   0x0002cd24   0x00000008   Code   RO         3049    i.nrf_clock_task_trigger  nrfx_clock.o
    0x0002cd2c   0x0002cd2c   0x0000001c   Code   RO           50    i.nrf_delay_ms      main.o
    0x0002cd48   0x0002cd48   0x0000004c   Code   RO         2685    i.nrf_drv_clock_init  nrf_drv_clock.o
    0x0002cd94   0x0002cd94   0x00000030   Code   RO         2689    i.nrf_drv_clock_lfclk_release  nrf_drv_clock.o
    0x0002cdc4   0x0002cdc4   0x00000088   Code   RO         4599    i.nrf_drv_spi_init  nrf_drv_spi.o
    0x0002ce4c   0x0002ce4c   0x00000032   Code   RO           51    i.nrf_drv_spi_transfer  main.o
    0x0002ce7e   0x0002ce7e   0x0000000c   Code   RO         1187    i.nrf_drv_twi_enable  twi.o
    0x0002ce8a   0x0002ce8a   0x00000002   PAD
    0x0002ce8c   0x0002ce8c   0x00000050   Code   RO         4651    i.nrf_drv_twi_init  nrf_drv_twi.o
    0x0002cedc   0x0002cedc   0x0000002c   Code   RO         1188    i.nrf_drv_twi_tx    twi.o
    0x0002cf08   0x0002cf08   0x0000002a   Code   RO         5971    i.nrf_fprintf       nrf_fprintf.o
    0x0002cf32   0x0002cf32   0x0000001c   Code   RO         5972    i.nrf_fprintf_buffer_flush  nrf_fprintf.o
    0x0002cf4e   0x0002cf4e   0x000001f0   Code   RO         6012    i.nrf_fprintf_fmt   nrf_fprintf_format.o
    0x0002d13e   0x0002d13e   0x00000034   Code   RO           52    i.nrf_gpio_cfg      main.o
    0x0002d172   0x0002d172   0x00000034   Code   RO         1299    i.nrf_gpio_cfg      boards.o
    0x0002d1a6   0x0002d1a6   0x00000034   Code   RO         3214    i.nrf_gpio_cfg      nrfx_gpiote.o
    0x0002d1da   0x0002d1da   0x00000034   Code   RO         4134    i.nrf_gpio_cfg      nrfx_spim.o
    0x0002d20e   0x0002d20e   0x00000002   PAD
    0x0002d210   0x0002d210   0x00000038   Code   RO         4281    i.nrf_gpio_cfg      nrfx_twi.o
    0x0002d248   0x0002d248   0x00000018   Code   RO           53    i.nrf_gpio_cfg_output  main.o
    0x0002d260   0x0002d260   0x00000018   Code   RO         4135    i.nrf_gpio_cfg_output  nrfx_spim.o
    0x0002d278   0x0002d278   0x0000003a   Code   RO         3216    i.nrf_gpio_cfg_sense_set  nrfx_gpiote.o
    0x0002d2b2   0x0002d2b2   0x00000002   PAD
    0x0002d2b4   0x0002d2b4   0x00000034   Code   RO         3217    i.nrf_gpio_latches_read_and_clear  nrfx_gpiote.o
    0x0002d2e8   0x0002d2e8   0x0000001a   Code   RO           54    i.nrf_gpio_pin_clear  main.o
    0x0002d302   0x0002d302   0x0000001a   Code   RO         4136    i.nrf_gpio_pin_clear  nrfx_spim.o
    0x0002d31c   0x0002d31c   0x0000001a   Code   RO         4652    i.nrf_gpio_pin_clear  nrf_drv_twi.o
    0x0002d336   0x0002d336   0x00000002   PAD
    0x0002d338   0x0002d338   0x00000020   Code   RO           55    i.nrf_gpio_pin_port_decode  main.o
    0x0002d358   0x0002d358   0x00000020   Code   RO         1300    i.nrf_gpio_pin_port_decode  boards.o
    0x0002d378   0x0002d378   0x00000020   Code   RO         3219    i.nrf_gpio_pin_port_decode  nrfx_gpiote.o
    0x0002d398   0x0002d398   0x00000020   Code   RO         4137    i.nrf_gpio_pin_port_decode  nrfx_spim.o
    0x0002d3b8   0x0002d3b8   0x00000020   Code   RO         4653    i.nrf_gpio_pin_port_decode  nrf_drv_twi.o
    0x0002d3d8   0x0002d3d8   0x00000030   Code   RO         3220    i.nrf_gpio_pin_present_check  nrfx_gpiote.o
    0x0002d408   0x0002d408   0x0000001a   Code   RO         3221    i.nrf_gpio_pin_read  nrfx_gpiote.o
    0x0002d422   0x0002d422   0x0000001a   Code   RO           56    i.nrf_gpio_pin_set  main.o
    0x0002d43c   0x0002d43c   0x0000001a   Code   RO         4138    i.nrf_gpio_pin_set  nrfx_spim.o
    0x0002d456   0x0002d456   0x0000001a   Code   RO         4654    i.nrf_gpio_pin_set  nrf_drv_twi.o
    0x0002d470   0x0002d470   0x00000042   Code   RO         1301    i.nrf_gpio_pin_write  boards.o
    0x0002d4b2   0x0002d4b2   0x00000002   PAD
    0x0002d4b4   0x0002d4b4   0x0000000c   Code   RO         3223    i.nrf_gpiote_event_addr_get  nrfx_gpiote.o
    0x0002d4c0   0x0002d4c0   0x0000001c   Code   RO         3224    i.nrf_gpiote_event_clear  nrfx_gpiote.o
    0x0002d4dc   0x0002d4dc   0x00000016   Code   RO         3225    i.nrf_gpiote_event_is_set  nrfx_gpiote.o
    0x0002d4f2   0x0002d4f2   0x00000002   PAD
    0x0002d4f4   0x0002d4f4   0x0000000c   Code   RO         3226    i.nrf_gpiote_int_enable  nrfx_gpiote.o
    0x0002d500   0x0002d500   0x00000054   Code   RO         6590    i.nrf_log_backend_add  nrf_log_frontend.o
    0x0002d554   0x0002d554   0x00000002   Code   RO         6440    i.nrf_log_backend_rtt_flush  nrf_log_backend_rtt.o
    0x0002d556   0x0002d556   0x00000008   Code   RO         6441    i.nrf_log_backend_rtt_init  nrf_log_backend_rtt.o
    0x0002d55e   0x0002d55e   0x00000002   Code   RO         6442    i.nrf_log_backend_rtt_panic_set  nrf_log_backend_rtt.o
    0x0002d560   0x0002d560   0x00000020   Code   RO         6443    i.nrf_log_backend_rtt_put  nrf_log_backend_rtt.o
    0x0002d580   0x0002d580   0x000000f2   Code   RO         6511    i.nrf_log_backend_serial_put  nrf_log_backend_serial.o
    0x0002d672   0x0002d672   0x00000002   PAD
    0x0002d674   0x0002d674   0x00000038   Code   RO         6592    i.nrf_log_color_id_get  nrf_log_frontend.o
    0x0002d6ac   0x0002d6ac   0x00000028   Code   RO         6545    i.nrf_log_default_backends_init  nrf_log_default_backends.o
    0x0002d6d4   0x0002d6d4   0x00000310   Code   RO         6593    i.nrf_log_frontend_dequeue  nrf_log_frontend.o
    0x0002d9e4   0x0002d9e4   0x000000ec   Code   RO         6594    i.nrf_log_frontend_hexdump  nrf_log_frontend.o
    0x0002dad0   0x0002dad0   0x00000014   Code   RO         6595    i.nrf_log_frontend_std_0  nrf_log_frontend.o
    0x0002dae4   0x0002dae4   0x00000018   Code   RO         6596    i.nrf_log_frontend_std_1  nrf_log_frontend.o
    0x0002dafc   0x0002dafc   0x00000020   Code   RO         6597    i.nrf_log_frontend_std_2  nrf_log_frontend.o
    0x0002db1c   0x0002db1c   0x00000028   Code   RO         6598    i.nrf_log_frontend_std_3  nrf_log_frontend.o
    0x0002db44   0x0002db44   0x00000038   Code   RO         6600    i.nrf_log_frontend_std_5  nrf_log_frontend.o
    0x0002db7c   0x0002db7c   0x000000bc   Code   RO         6791    i.nrf_log_hexdump_entry_process  nrf_log_str_formatter.o
    0x0002dc38   0x0002dc38   0x00000048   Code   RO         6602    i.nrf_log_init      nrf_log_frontend.o
    0x0002dc80   0x0002dc80   0x00000014   Code   RO         6603    i.nrf_log_module_cnt_get  nrf_log_frontend.o
    0x0002dc94   0x0002dc94   0x00000024   Code   RO         6607    i.nrf_log_module_name_get  nrf_log_frontend.o
    0x0002dcb8   0x0002dcb8   0x00000034   Code   RO         6608    i.nrf_log_panic     nrf_log_frontend.o
    0x0002dcec   0x0002dcec   0x000000c8   Code   RO         6792    i.nrf_log_std_entry_process  nrf_log_str_formatter.o
    0x0002ddb4   0x0002ddb4   0x0000007a   Code   RO         6056    i.nrf_memobj_alloc  nrf_memobj.o
    0x0002de2e   0x0002de2e   0x00000040   Code   RO         6057    i.nrf_memobj_free   nrf_memobj.o
    0x0002de6e   0x0002de6e   0x00000010   Code   RO         6058    i.nrf_memobj_get    nrf_memobj.o
    0x0002de7e   0x0002de7e   0x0000000c   Code   RO         6059    i.nrf_memobj_pool_init  nrf_memobj.o
    0x0002de8a   0x0002de8a   0x0000001e   Code   RO         6060    i.nrf_memobj_put    nrf_memobj.o
    0x0002dea8   0x0002dea8   0x00000022   Code   RO         6061    i.nrf_memobj_read   nrf_memobj.o
    0x0002deca   0x0002deca   0x00000022   Code   RO         6062    i.nrf_memobj_write  nrf_memobj.o
    0x0002deec   0x0002deec   0x00000030   Code   RO         6135    i.nrf_pwr_mgmt_init  nrf_pwr_mgmt.o
    0x0002df1c   0x0002df1c   0x00000060   Code   RO         6136    i.nrf_pwr_mgmt_run  nrf_pwr_mgmt.o
    0x0002df7c   0x0002df7c   0x00000028   Code   RO           57    i.nrf_qwr_error_handler  main.o
    0x0002dfa4   0x0002dfa4   0x0000001c   Code   RO         6221    i.nrf_ringbuf_init  nrf_ringbuf.o
    0x0002dfc0   0x0002dfc0   0x0000000c   Code   RO         5407    i.nrf_rtc_cc_get    drv_rtc.o
    0x0002dfcc   0x0002dfcc   0x0000000a   Code   RO         5408    i.nrf_rtc_cc_set    drv_rtc.o
    0x0002dfd6   0x0002dfd6   0x00000008   Code   RO         5409    i.nrf_rtc_counter_get  drv_rtc.o
    0x0002dfde   0x0002dfde   0x0000000e   Code   RO         5410    i.nrf_rtc_event_clear  drv_rtc.o
    0x0002dfec   0x0002dfec   0x00000006   Code   RO         5411    i.nrf_rtc_event_disable  drv_rtc.o
    0x0002dff2   0x0002dff2   0x00000006   Code   RO         5412    i.nrf_rtc_event_enable  drv_rtc.o
    0x0002dff8   0x0002dff8   0x00000006   Code   RO         5413    i.nrf_rtc_int_disable  drv_rtc.o
    0x0002dffe   0x0002dffe   0x00000006   Code   RO         5414    i.nrf_rtc_int_enable  drv_rtc.o
    0x0002e004   0x0002e004   0x00000006   Code   RO         5415    i.nrf_rtc_task_trigger  drv_rtc.o
    0x0002e00a   0x0002e00a   0x00000002   PAD
    0x0002e00c   0x0002e00c   0x00000018   Code   RO         7233    i.nrf_sdh_ble_app_ram_start_get  nrf_sdh_ble.o
    0x0002e024   0x0002e024   0x0000019c   Code   RO         7234    i.nrf_sdh_ble_default_cfg_set  nrf_sdh_ble.o
    0x0002e1c0   0x0002e1c0   0x0000014c   Code   RO         7235    i.nrf_sdh_ble_enable  nrf_sdh_ble.o
    0x0002e30c   0x0002e30c   0x000000bc   Code   RO         7236    i.nrf_sdh_ble_evts_poll  nrf_sdh_ble.o
    0x0002e3c8   0x0002e3c8   0x00000084   Code   RO         7110    i.nrf_sdh_enable_request  nrf_sdh.o
    0x0002e44c   0x0002e44c   0x00000030   Code   RO         7111    i.nrf_sdh_evts_poll  nrf_sdh.o
    0x0002e47c   0x0002e47c   0x0000000c   Code   RO         7112    i.nrf_sdh_is_enabled  nrf_sdh.o
    0x0002e488   0x0002e488   0x00000098   Code   RO         7292    i.nrf_sdh_soc_evts_poll  nrf_sdh_soc.o
    0x0002e520   0x0002e520   0x00000006   Code   RO         7117    i.nrf_section_iter_get  nrf_sdh.o
    0x0002e526   0x0002e526   0x00000014   Code   RO         6279    i.nrf_section_iter_init  nrf_section_iter.o
    0x0002e53a   0x0002e53a   0x0000002e   Code   RO         6280    i.nrf_section_iter_item_set  nrf_section_iter.o
    0x0002e568   0x0002e568   0x0000002e   Code   RO         6281    i.nrf_section_iter_next  nrf_section_iter.o
    0x0002e596   0x0002e596   0x00000028   Code   RO         6314    i.nrf_sortlist_add  nrf_sortlist.o
    0x0002e5be   0x0002e5be   0x00000008   Code   RO         6316    i.nrf_sortlist_peek  nrf_sortlist.o
    0x0002e5c6   0x0002e5c6   0x00000018   Code   RO         6317    i.nrf_sortlist_pop  nrf_sortlist.o
    0x0002e5de   0x0002e5de   0x00000026   Code   RO         6318    i.nrf_sortlist_remove  nrf_sortlist.o
    0x0002e604   0x0002e604   0x0000000e   Code   RO         4139    i.nrf_spim_event_check  nrfx_spim.o
    0x0002e612   0x0002e612   0x0000000e   Code   RO         4140    i.nrf_spim_event_clear  nrfx_spim.o
    0x0002e620   0x0002e620   0x00000006   Code   RO         4141    i.nrf_spim_int_disable  nrfx_spim.o
    0x0002e626   0x0002e626   0x00000006   Code   RO         4142    i.nrf_spim_task_trigger  nrfx_spim.o
    0x0002e62c   0x0002e62c   0x00000040   Code   RO         6370    i.nrf_strerror_find  nrf_strerror.o
    0x0002e66c   0x0002e66c   0x0000001c   Code   RO         6371    i.nrf_strerror_get  nrf_strerror.o
    0x0002e688   0x0002e688   0x00000008   Code   RO         4283    i.nrf_twi_disable   nrfx_twi.o
    0x0002e690   0x0002e690   0x00000008   Code   RO         4284    i.nrf_twi_enable    nrfx_twi.o
    0x0002e698   0x0002e698   0x0000000c   Code   RO         4285    i.nrf_twi_errorsrc_get_and_clear  nrfx_twi.o
    0x0002e6a4   0x0002e6a4   0x0000000e   Code   RO         4286    i.nrf_twi_event_check  nrfx_twi.o
    0x0002e6b2   0x0002e6b2   0x0000000e   Code   RO         4287    i.nrf_twi_event_clear  nrfx_twi.o
    0x0002e6c0   0x0002e6c0   0x00000006   Code   RO         4288    i.nrf_twi_int_disable  nrfx_twi.o
    0x0002e6c6   0x0002e6c6   0x00000006   Code   RO         4289    i.nrf_twi_int_enable  nrfx_twi.o
    0x0002e6cc   0x0002e6cc   0x00000006   Code   RO         4290    i.nrf_twi_shorts_set  nrfx_twi.o
    0x0002e6d2   0x0002e6d2   0x00000006   Code   RO         4291    i.nrf_twi_task_trigger  nrfx_twi.o
    0x0002e6d8   0x0002e6d8   0x00000014   Code   RO         2692    i.nrf_wdt_started   nrf_drv_clock.o
    0x0002e6ec   0x0002e6ec   0x00000014   Code   RO         3054    i.nrfx_clock_enable  nrfx_clock.o
    0x0002e700   0x0002e700   0x00000024   Code   RO         3057    i.nrfx_clock_init   nrfx_clock.o
    0x0002e724   0x0002e724   0x0000002c   Code   RO         3060    i.nrfx_clock_lfclk_stop  nrfx_clock.o
    0x0002e750   0x0002e750   0x00000018   Code   RO           58    i.nrfx_coredep_delay_us  main.o
    0x0002e768   0x0002e768   0x00000018   Code   RO         4655    i.nrfx_coredep_delay_us  nrf_drv_twi.o
    0x0002e780   0x0002e780   0x00000018   Code   RO         5416    i.nrfx_coredep_delay_us  drv_rtc.o
    0x0002e798   0x0002e798   0x00000008   Code   RO         3062    i.nrfx_get_irq_number  nrfx_clock.o
    0x0002e7a0   0x0002e7a0   0x00000008   Code   RO         3229    i.nrfx_get_irq_number  nrfx_gpiote.o
    0x0002e7a8   0x0002e7a8   0x00000008   Code   RO         4143    i.nrfx_get_irq_number  nrfx_spim.o
    0x0002e7b0   0x0002e7b0   0x00000008   Code   RO         4292    i.nrfx_get_irq_number  nrfx_twi.o
    0x0002e7b8   0x0002e7b8   0x000000ac   Code   RO         3235    i.nrfx_gpiote_in_event_enable  nrfx_gpiote.o
    0x0002e864   0x0002e864   0x000000f8   Code   RO         3237    i.nrfx_gpiote_in_init  nrfx_gpiote.o
    0x0002e95c   0x0002e95c   0x00000014   Code   RO         3238    i.nrfx_gpiote_in_is_set  nrfx_gpiote.o
    0x0002e970   0x0002e970   0x000000d8   Code   RO         3240    i.nrfx_gpiote_init  nrfx_gpiote.o
    0x0002ea48   0x0002ea48   0x00000014   Code   RO         3241    i.nrfx_gpiote_is_init  nrfx_gpiote.o
    0x0002ea5c   0x0002ea5c   0x00000014   Code   RO         4144    i.nrfx_is_in_ram    nrfx_spim.o
    0x0002ea70   0x0002ea70   0x000000b0   Code   RO         3063    i.nrfx_power_clock_irq_init  nrfx_clock.o
    0x0002eb20   0x0002eb20   0x0000004e   Code   RO         3583    i.nrfx_prs_acquire  nrfx_prs.o
    0x0002eb6e   0x0002eb6e   0x00000002   PAD
    0x0002eb70   0x0002eb70   0x000001cc   Code   RO         4147    i.nrfx_spim_init    nrfx_spim.o
    0x0002ed3c   0x0002ed3c   0x0000006c   Code   RO         4150    i.nrfx_spim_xfer    nrfx_spim.o
    0x0002eda8   0x0002eda8   0x00000024   Code   RO         4295    i.nrfx_twi_enable   nrfx_twi.o
    0x0002edcc   0x0002edcc   0x00000128   Code   RO         4296    i.nrfx_twi_init     nrfx_twi.o
    0x0002eef4   0x0002eef4   0x00000030   Code   RO         4298    i.nrfx_twi_rx       nrfx_twi.o
    0x0002ef24   0x0002ef24   0x0000003e   Code   RO         4300    i.nrfx_twi_tx       nrfx_twi.o
    0x0002ef62   0x0002ef62   0x00000002   PAD
    0x0002ef64   0x0002ef64   0x00000030   Code   RO         4302    i.nrfx_twi_xfer     nrfx_twi.o
    0x0002ef94   0x0002ef94   0x00000088   Code   RO           59    i.nus_data_handler  main.o
    0x0002f01c   0x0002f01c   0x00000014   Code   RO         7716    i.nvmc_config       system_nrf52.o
    0x0002f030   0x0002f030   0x00000010   Code   RO         7717    i.nvmc_wait         system_nrf52.o
    0x0002f040   0x0002f040   0x00000048   Code   RO           60    i.on_adv_evt        main.o
    0x0002f088   0x0002f088   0x00000014   Code   RO         5064    i.on_compare1_evt   app_timer2.o
    0x0002f09c   0x0002f09c   0x00000020   Code   RO         5065    i.on_compare_evt    app_timer2.o
    0x0002f0bc   0x0002f0bc   0x00000040   Code   RO           61    i.on_conn_params_evt  main.o
    0x0002f0fc   0x0002f0fc   0x00000030   Code   RO         1981    i.on_conn_params_update  ble_conn_params.o
    0x0002f12c   0x0002f12c   0x00000070   Code   RO         1982    i.on_connect        ble_conn_params.o
    0x0002f19c   0x0002f19c   0x00000074   Code   RO         2610    i.on_connect        ble_nus.o
    0x0002f210   0x0002f210   0x0000000e   Code   RO         1828    i.on_connected      ble_advertising.o
    0x0002f21e   0x0002f21e   0x00000002   PAD
    0x0002f220   0x0002f220   0x0000013c   Code   RO         2435    i.on_connected_evt  nrf_ble_gatt.o
    0x0002f35c   0x0002f35c   0x00000150   Code   RO         2436    i.on_data_length_update_evt  nrf_ble_gatt.o
    0x0002f4ac   0x0002f4ac   0x00000090   Code   RO         2437    i.on_data_length_update_request_evt  nrf_ble_gatt.o
    0x0002f53c   0x0002f53c   0x00000032   Code   RO         1983    i.on_disconnect     ble_conn_params.o
    0x0002f56e   0x0002f56e   0x00000032   Code   RO         1829    i.on_disconnected   ble_advertising.o
    0x0002f5a0   0x0002f5a0   0x00000014   Code   RO         2438    i.on_disconnected_evt  nrf_ble_gatt.o
    0x0002f5b4   0x0002f5b4   0x0000017c   Code   RO         2439    i.on_exchange_mtu_request_evt  nrf_ble_gatt.o
    0x0002f730   0x0002f730   0x000000c0   Code   RO         2440    i.on_exchange_mtu_rsp_evt  nrf_ble_gatt.o
    0x0002f7f0   0x0002f7f0   0x00000048   Code   RO         2611    i.on_hvx_tx_complete  ble_nus.o
    0x0002f838   0x0002f838   0x0000001c   Code   RO         5066    i.on_overflow_evt   app_timer2.o
    0x0002f854   0x0002f854   0x0000006a   Code   RO         2551    i.on_rw_authorize_request  nrf_ble_qwr.o
    0x0002f8be   0x0002f8be   0x00000040   Code   RO         1830    i.on_terminated     ble_advertising.o
    0x0002f8fe   0x0002f8fe   0x00000002   Code   RO         2552    i.on_user_mem_release  nrf_ble_qwr.o
    0x0002f900   0x0002f900   0x00000020   Code   RO         2553    i.on_user_mem_request  nrf_ble_qwr.o
    0x0002f920   0x0002f920   0x00000058   Code   RO         1984    i.on_write          ble_conn_params.o
    0x0002f978   0x0002f978   0x00000094   Code   RO         2612    i.on_write          ble_nus.o
    0x0002fa0c   0x0002fa0c   0x0000001c   Code   RO         1831    i.phy_is_valid      ble_advertising.o
    0x0002fa28   0x0002fa28   0x00000020   Code   RO         3259    i.pin_configured_set  nrfx_gpiote.o
    0x0002fa48   0x0002fa48   0x0000001c   Code   RO         3260    i.pin_in_use_by_gpiote  nrfx_gpiote.o
    0x0002fa64   0x0002fa64   0x00000018   Code   RO         3261    i.pin_in_use_by_port  nrfx_gpiote.o
    0x0002fa7c   0x0002fa7c   0x00000020   Code   RO         3262    i.pin_in_use_by_te  nrfx_gpiote.o
    0x0002fa9c   0x0002fa9c   0x0000000c   Code   RO         3263    i.pin_in_use_clear  nrfx_gpiote.o
    0x0002faa8   0x0002faa8   0x00000058   Code   RO           62    i.point_transfer    main.o
    0x0002fb00   0x0002fb00   0x000000c4   Code   RO         3264    i.port_event_handle  nrfx_gpiote.o
    0x0002fbc4   0x0002fbc4   0x00000010   Code   RO         3265    i.port_handler_pin_get  nrfx_gpiote.o
    0x0002fbd4   0x0002fbd4   0x00000010   Code   RO         3266    i.port_handler_polarity_get  nrfx_gpiote.o
    0x0002fbe4   0x0002fbe4   0x00000048   Code   RO         6794    i.postfix_process   nrf_log_str_formatter.o
    0x0002fc2c   0x0002fc2c   0x00000034   Code   RO           63    i.power_management_init  main.o
    0x0002fc60   0x0002fc60   0x000000a4   Code   RO         6795    i.prefix_process    nrf_log_str_formatter.o
    0x0002fd04   0x0002fd04   0x00000018   Code   RO         3585    i.prs_box_get       nrfx_prs.o
    0x0002fd1c   0x0002fd1c   0x00000010   Code   RO         7237    i.ram_end_address_get  nrf_sdh_ble.o
    0x0002fd2c   0x0002fd2c   0x00000028   Code   RO         2103    i.record_activate   ble_conn_state.o
    0x0002fd54   0x0002fd54   0x00000020   Code   RO         2104    i.record_invalidate  ble_conn_state.o
    0x0002fd74   0x0002fd74   0x00000048   Code   RO         2105    i.record_purge_disconnected  ble_conn_state.o
    0x0002fdbc   0x0002fdbc   0x00000014   Code   RO         2106    i.record_set_disconnected  ble_conn_state.o
    0x0002fdd0   0x0002fdd0   0x0000003e   Code   RO         5067    i.rtc_irq           app_timer2.o
    0x0002fe0e   0x0002fe0e   0x00000002   PAD
    0x0002fe10   0x0002fe10   0x00000084   Code   RO         5068    i.rtc_schedule      app_timer2.o
    0x0002fe94   0x0002fe94   0x000000c0   Code   RO         5069    i.rtc_update        app_timer2.o
    0x0002ff54   0x0002ff54   0x000000a4   Code   RO         7118    i.sd_nvic_EnableIRQ  nrf_sdh.o
    0x0002fff8   0x0002fff8   0x00000068   Code   RO         5302    i.sd_nvic_critical_region_enter  app_util_platform.o
    0x00030060   0x00030060   0x00000078   Code   RO         2693    i.sd_state_evt_handler  nrf_drv_clock.o
    0x000300d8   0x000300d8   0x0000003c   Code   RO         7119    i.sdh_request_observer_notify  nrf_sdh.o
    0x00030114   0x00030114   0x00000034   Code   RO         7120    i.sdh_state_observer_notify  nrf_sdh.o
    0x00030148   0x00030148   0x00000018   Code   RO         1985    i.send_error_evt    ble_conn_params.o
    0x00030160   0x00030160   0x00000024   Code   RO         1986    i.send_update_request  ble_conn_params.o
    0x00030184   0x00030184   0x00000084   Code   RO         6444    i.serial_tx         nrf_log_backend_rtt.o
    0x00030208   0x00030208   0x00000096   Code   RO         1697    i.service_data_encode  ble_advdata.o
    0x0003029e   0x0003029e   0x00000002   PAD
    0x000302a0   0x000302a0   0x00000078   Code   RO           64    i.services_init     main.o
    0x00030318   0x00030318   0x00000030   Code   RO         1832    i.set_adv_mode_directed  ble_advertising.o
    0x00030348   0x00030348   0x00000024   Code   RO         1833    i.set_adv_mode_directed_high_duty  ble_advertising.o
    0x0003036c   0x0003036c   0x0000005c   Code   RO         1834    i.set_adv_mode_fast  ble_advertising.o
    0x000303c8   0x000303c8   0x0000005c   Code   RO         1835    i.set_adv_mode_slow  ble_advertising.o
    0x00030424   0x00030424   0x000000be   Code   RO         2307    i.set_security_req  ble_srv_common.o
    0x000304e2   0x000304e2   0x00000002   PAD
    0x000304e4   0x000304e4   0x00000070   Code   RO           65    i.sleep_mode_enter  main.o
    0x00030554   0x00030554   0x0000001c   Code   RO         2694    i.soc_evt_handler   nrf_drv_clock.o
    0x00030570   0x00030570   0x00000060   Code   RO         7122    i.softdevices_evt_irq_enable  nrf_sdh.o
    0x000305d0   0x000305d0   0x00000018   Code   RO         5070    i.sorted_list_stop_all  app_timer2.o
    0x000305e8   0x000305e8   0x00000018   Code   RO         5071    i.sortlist_pop      app_timer2.o
    0x00030600   0x00030600   0x0000000c   Code   RO           66    i.spi_event_handler  main.o
    0x0003060c   0x0003060c   0x00000040   Code   RO         4601    i.spim_evt_handler  nrf_drv_spi.o
    0x0003064c   0x0003064c   0x00000110   Code   RO         4151    i.spim_xfer         nrfx_spim.o
    0x0003075c   0x0003075c   0x00000026   Code   RO         1533    i.startup_event_extract  bsp_btn_ble.o
    0x00030782   0x00030782   0x00000002   PAD
    0x00030784   0x00030784   0x00000020   Code   RO         4730    i.state_get         app_button.o
    0x000307a4   0x000307a4   0x00000048   Code   RO         4731    i.state_set         app_button.o
    0x000307ec   0x000307ec   0x00000064   Code   RO         6610    i.std_header_set    nrf_log_frontend.o
    0x00030850   0x00030850   0x00000074   Code   RO         6611    i.std_n             nrf_log_frontend.o
    0x000308c4   0x000308c4   0x00000074   Code   RO         6013    i.string_print      nrf_fprintf_format.o
    0x00030938   0x00030938   0x0000000a   Code   RO         5417    i.ticks_sub         drv_rtc.o
    0x00030942   0x00030942   0x00000002   PAD
    0x00030944   0x00030944   0x000000b4   Code   RO         5072    i.timer_expire      app_timer2.o
    0x000309f8   0x000309f8   0x00000098   Code   RO         5073    i.timer_req_process  app_timer2.o
    0x00030a90   0x00030a90   0x00000040   Code   RO         5074    i.timer_req_schedule  app_timer2.o
    0x00030ad0   0x00030ad0   0x00000020   Code   RO         4732    i.timer_start       app_button.o
    0x00030af0   0x00030af0   0x00000034   Code   RO           68    i.timers_init       main.o
    0x00030b24   0x00030b24   0x00000002   Code   RO         6796    i.timestamp_print   nrf_log_str_formatter.o
    0x00030b26   0x00030b26   0x00000002   PAD
    0x00030b28   0x00030b28   0x0000009c   Code   RO         4656    i.twi_clear_bus     nrf_drv_twi.o
    0x00030bc4   0x00030bc4   0x00000048   Code   RO         4657    i.twi_evt_handler   nrf_drv_twi.o
    0x00030c0c   0x00030c0c   0x0000006c   Code   RO         1190    i.twi_init          twi.o
    0x00030c78   0x00030c78   0x000000da   Code   RO         4303    i.twi_irq_handler   nrfx_twi.o
    0x00030d52   0x00030d52   0x00000024   Code   RO         4304    i.twi_process_error  nrfx_twi.o
    0x00030d76   0x00030d76   0x00000018   Code   RO         1191    i.twi_read_register  twi.o
    0x00030d8e   0x00030d8e   0x00000002   PAD
    0x00030d90   0x00030d90   0x0000003c   Code   RO         1192    i.twi_read_register_block  twi.o
    0x00030dcc   0x00030dcc   0x0000007e   Code   RO         4305    i.twi_receive_byte  nrfx_twi.o
    0x00030e4a   0x00030e4a   0x00000002   PAD
    0x00030e4c   0x00030e4c   0x000000e0   Code   RO         4306    i.twi_rx_start_transfer  nrfx_twi.o
    0x00030f2c   0x00030f2c   0x00000056   Code   RO         4307    i.twi_send_byte     nrfx_twi.o
    0x00030f82   0x00030f82   0x0000012c   Code   RO         4308    i.twi_transfer      nrfx_twi.o
    0x000310ae   0x000310ae   0x00000002   PAD
    0x000310b0   0x000310b0   0x000000cc   Code   RO         4309    i.twi_tx_start_transfer  nrfx_twi.o
    0x0003117c   0x0003117c   0x00000014   Code   RO         1193    i.twi_write_register  twi.o
    0x00031190   0x00031190   0x00000040   Code   RO         1194    i.twi_write_register_block  twi.o
    0x000311d0   0x000311d0   0x000000c0   Code   RO         4310    i.twi_xfer          nrfx_twi.o
    0x00031290   0x00031290   0x00000036   Code   RO         1698    i.tx_power_level_encode  ble_advdata.o
    0x000312c6   0x000312c6   0x0000000c   Code   RO         2308    i.uint16_decode     ble_srv_common.o
    0x000312d2   0x000312d2   0x0000000c   Code   RO         1699    i.uint16_encode     ble_advdata.o
    0x000312de   0x000312de   0x00000002   PAD
    0x000312e0   0x000312e0   0x000000b8   Code   RO         6014    i.unsigned_print    nrf_fprintf_format.o
    0x00031398   0x00031398   0x00000074   Code   RO         1987    i.update_timeout_handler  ble_conn_params.o
    0x0003140c   0x0003140c   0x0000001e   Code   RO         1836    i.use_whitelist     ble_advertising.o
    0x0003142a   0x0003142a   0x0000002c   Code   RO         2554    i.user_mem_reply    nrf_ble_qwr.o
    0x00031456   0x00031456   0x0000001e   Code   RO         4733    i.usr_event         app_button.o
    0x00031474   0x00031474   0x0000004e   Code   RO         1700    i.uuid_list_encode  ble_advdata.o
    0x000314c2   0x000314c2   0x000000d6   Code   RO         1701    i.uuid_list_sized_encode  ble_advdata.o
    0x00031598   0x00031598   0x00000068   Code   RO         1419    i.wakeup_button_cfg  bsp.o
    0x00031600   0x00031600   0x00000008   Code   RO         1837    i.whitelist_has_entries  ble_advertising.o
    0x00031608   0x00031608   0x00000022   Code   RO         4311    i.xfer_completeness_check  nrfx_twi.o
    0x0003162a   0x0003162a   0x00000006   PAD
    0x00031630   0x00031630   0x00000040   Data   RO           72    .constdata          main.o
    0x00031670   0x00031670   0x00000020   Data   RO         1195    .constdata          twi.o
    0x00031690   0x00031690   0x00000008   Data   RO         1302    .constdata          boards.o
    0x00031698   0x00031698   0x0000002c   Data   RO         1421    .constdata          bsp.o
    0x000316c4   0x000316c4   0x00000016   Data   RO         2441    .constdata          nrf_ble_gatt.o
    0x000316da   0x000316da   0x00000002   PAD
    0x000316dc   0x000316dc   0x00000010   Data   RO         2613    .constdata          ble_nus.o
    0x000316ec   0x000316ec   0x00000042   Data   RO         3268    .constdata          nrfx_gpiote.o
    0x0003172e   0x0003172e   0x00000002   PAD
    0x00031730   0x00031730   0x0000002d   Data   RO         4153    .constdata          nrfx_spim.o
    0x0003175d   0x0003175d   0x00000003   PAD
    0x00031760   0x00031760   0x00000040   Data   RO         4313    .constdata          nrfx_twi.o
    0x000317a0   0x000317a0   0x00000010   Data   RO         4603    .constdata          nrf_drv_spi.o
    0x000317b0   0x000317b0   0x00000006   Data   RO         4659    .constdata          nrf_drv_twi.o
    0x000317b6   0x000317b6   0x00000002   PAD
    0x000317b8   0x000317b8   0x00000007   Data   RO         4735    .constdata          app_button.o
    0x000317bf   0x000317bf   0x00000001   PAD
    0x000317c0   0x000317c0   0x00000014   Data   RO         5076    .constdata          app_timer2.o
    0x000317d4   0x000317d4   0x0000000c   PAD
    0x000317e0   0x000317e0   0x00000006   Data   RO         5418    .constdata          drv_rtc.o
    0x000317e6   0x000317e6   0x00000010   Data   RO         6015    .constdata          nrf_fprintf_format.o
    0x000317f6   0x000317f6   0x00000002   PAD
    0x000317f8   0x000317f8   0x00000024   Data   RO         6140    .constdata          nrf_pwr_mgmt.o
    0x0003181c   0x0003181c   0x0000013c   Data   RO         6372    .constdata          nrf_strerror.o
    0x00031958   0x00031958   0x00000008   PAD
    0x00031960   0x00031960   0x00000016   Data   RO         6446    .constdata          nrf_log_backend_rtt.o
    0x00031976   0x00031976   0x00000002   PAD
    0x00031978   0x00031978   0x0000000c   Data   RO         6613    .constdata          nrf_log_frontend.o
    0x00031984   0x00031984   0x00000058   Data   RO         7123    .constdata          nrf_sdh.o
    0x000319dc   0x000319dc   0x00000030   Data   RO         7238    .constdata          nrf_sdh_ble.o
    0x00031a0c   0x00031a0c   0x0000001c   Data   RO         7293    .constdata          nrf_sdh_soc.o
    0x00031a28   0x00031a28   0x00000081   Data   RO         9316    .constdata          mc_w.l(ctype_o.o)
    0x00031aa9   0x00031aa9   0x00000003   PAD
    0x00031aac   0x00031aac   0x00000004   Data   RO         9317    .constdata          mc_w.l(ctype_o.o)
    0x00031ab0   0x00031ab0   0x0000013e   Data   RO         2442    .conststring        nrf_ble_gatt.o
    0x00031bee   0x00031bee   0x00000002   PAD
    0x00031bf0   0x00031bf0   0x000003eb   Data   RO         6373    .conststring        nrf_strerror.o
    0x00031fdb   0x00031fdb   0x00000001   PAD
    0x00031fdc   0x00031fdc   0x00000066   Data   RO         6797    .conststring        nrf_log_str_formatter.o
    0x00032042   0x00032042   0x00000002   PAD
    0x00032044   0x00032044   0x000001cf   Data   RO         7239    .conststring        nrf_sdh_ble.o
    0x00032213   0x00032213   0x00000001   PAD
    0x00032214   0x00032214   0x0000000d   Data   RO         2443    .conststrlit        nrf_ble_gatt.o
    0x00032221   0x00032221   0x00000003   PAD
    0x00032224   0x00032224   0x00000008   Data   RO         2614    .conststrlit        ble_nus.o
    0x0003222c   0x0003222c   0x00000006   Data   RO         2697    .conststrlit        nrf_drv_clock.o
    0x00032232   0x00032232   0x00000002   PAD
    0x00032234   0x00032234   0x00000006   Data   RO         3065    .conststrlit        nrfx_clock.o
    0x0003223a   0x0003223a   0x00000002   PAD
    0x0003223c   0x0003223c   0x00000007   Data   RO         3269    .conststrlit        nrfx_gpiote.o
    0x00032243   0x00032243   0x00000001   PAD
    0x00032244   0x00032244   0x00000004   Data   RO         3587    .conststrlit        nrfx_prs.o
    0x00032248   0x00032248   0x00000005   Data   RO         3677    .conststrlit        nrfx_uart.o
    0x0003224d   0x0003224d   0x00000003   PAD
    0x00032250   0x00032250   0x00000006   Data   RO         3924    .conststrlit        nrfx_uarte.o
    0x00032256   0x00032256   0x00000002   PAD
    0x00032258   0x00032258   0x00000005   Data   RO         4154    .conststrlit        nrfx_spim.o
    0x0003225d   0x0003225d   0x00000003   PAD
    0x00032260   0x00032260   0x00000004   Data   RO         4314    .conststrlit        nrfx_twi.o
    0x00032264   0x00032264   0x00000004   Data   RO         4532    .conststrlit        nrfx_wdt.o
    0x00032268   0x00032268   0x0000000b   Data   RO         4736    .conststrlit        app_button.o
    0x00032273   0x00032273   0x00000001   PAD
    0x00032274   0x00032274   0x0000000a   Data   RO         5077    .conststrlit        app_timer2.o
    0x0003227e   0x0003227e   0x00000002   PAD
    0x00032280   0x00032280   0x00000009   Data   RO         6141    .conststrlit        nrf_pwr_mgmt.o
    0x00032289   0x00032289   0x00000003   PAD
    0x0003228c   0x0003228c   0x00000009   Data   RO         6319    .conststrlit        nrf_sortlist.o
    0x00032295   0x00032295   0x00000003   PAD
    0x00032298   0x00032298   0x00000010   Data   RO         6546    .conststrlit        nrf_log_default_backends.o
    0x000322a8   0x000322a8   0x00000004   Data   RO         6614    .conststrlit        nrf_log_frontend.o
    0x000322ac   0x000322ac   0x00000008   Data   RO         7124    .conststrlit        nrf_sdh.o
    0x000322b4   0x000322b4   0x0000000c   Data   RO         7240    .conststrlit        nrf_sdh_ble.o
    0x000322c0   0x000322c0   0x0000000c   Data   RO         7294    .conststrlit        nrf_sdh_soc.o
    0x000322cc   0x000322cc   0x00000020   Data   RO         9663    Region$$Table       anon$$obj.o
    0x000322ec   0x000322ec   0x00000010   Data   RO         6548    log_backends        nrf_log_default_backends.o
    0x000322fc   0x000322fc   0x00000008   Data   RO         2444    log_const_data      nrf_ble_gatt.o
    0x00032304   0x00032304   0x00000008   Data   RO         2615    log_const_data      ble_nus.o
    0x0003230c   0x0003230c   0x00000008   Data   RO         2698    log_const_data      nrf_drv_clock.o
    0x00032314   0x00032314   0x00000008   Data   RO         3067    log_const_data      nrfx_clock.o
    0x0003231c   0x0003231c   0x00000008   Data   RO         3270    log_const_data      nrfx_gpiote.o
    0x00032324   0x00032324   0x00000008   Data   RO         3589    log_const_data      nrfx_prs.o
    0x0003232c   0x0003232c   0x00000008   Data   RO         3678    log_const_data      nrfx_uart.o
    0x00032334   0x00032334   0x00000008   Data   RO         3925    log_const_data      nrfx_uarte.o
    0x0003233c   0x0003233c   0x00000008   Data   RO         4155    log_const_data      nrfx_spim.o
    0x00032344   0x00032344   0x00000008   Data   RO         4315    log_const_data      nrfx_twi.o
    0x0003234c   0x0003234c   0x00000008   Data   RO         4534    log_const_data      nrfx_wdt.o
    0x00032354   0x00032354   0x00000008   Data   RO         4738    log_const_data      app_button.o
    0x0003235c   0x0003235c   0x00000008   Data   RO         5079    log_const_data      app_timer2.o
    0x00032364   0x00032364   0x00000008   Data   RO         6143    log_const_data      nrf_pwr_mgmt.o
    0x0003236c   0x0003236c   0x00000008   Data   RO         6320    log_const_data      nrf_sortlist.o
    0x00032374   0x00032374   0x00000008   Data   RO         6616    log_const_data      nrf_log_frontend.o
    0x0003237c   0x0003237c   0x00000008   Data   RO         7126    log_const_data      nrf_sdh.o
    0x00032384   0x00032384   0x00000008   Data   RO         7242    log_const_data      nrf_sdh_ble.o
    0x0003238c   0x0003238c   0x00000008   Data   RO         7295    log_const_data      nrf_sdh_soc.o
    0x00032394   0x00032394   0x00000014   Data   RO         6617    nrf_balloc          nrf_log_frontend.o
    0x000323a8   0x000323a8   0x00000008   Data   RO         2109    sdh_ble_observers0  ble_conn_state.o
    0x000323b0   0x000323b0   0x00000010   Data   RO           74    sdh_ble_observers1  main.o
    0x000323c0   0x000323c0   0x00000008   Data   RO         1535    sdh_ble_observers1  bsp_btn_ble.o
    0x000323c8   0x000323c8   0x00000008   Data   RO         1990    sdh_ble_observers1  ble_conn_params.o
    0x000323d0   0x000323d0   0x00000010   Data   RO           75    sdh_ble_observers2  main.o
    0x000323e0   0x000323e0   0x00000008   Data   RO           76    sdh_ble_observers3  main.o
    0x000323e8   0x000323e8   0x00000008   Data   RO         2699    sdh_soc_observers0  nrf_drv_clock.o
    0x000323f0   0x000323f0   0x00000008   Data   RO         7243    sdh_stack_observers0  nrf_sdh_ble.o
    0x000323f8   0x000323f8   0x00000008   Data   RO         7296    sdh_stack_observers0  nrf_sdh_soc.o
    0x00032400   0x00032400   0x00000008   Data   RO         2700    sdh_state_observers0  nrf_drv_clock.o


    Execution Region RW_IRAM1 (Exec base: 0x20002ae8, Load base: 0x00032408, Size: 0x000050a8, Max: 0x0003d518, ABSOLUTE, COMPRESSED[0x0000051c])

    Exec Addr    Load Addr    Size         Type   Attr      Idx    E Section Name        Object

    0x20002ae8   COMPRESSED   0x000007cd   Data   RW           73    .data               main.o
    0x200032b5   COMPRESSED   0x00000003   PAD
    0x200032b8   COMPRESSED   0x0000007d   Data   RW         1422    .data               bsp.o
    0x20003335   COMPRESSED   0x00000003   PAD
    0x20003338   COMPRESSED   0x00000008   Data   RW         1534    .data               bsp_btn_ble.o
    0x20003340   COMPRESSED   0x00000008   Data   RW         1989    .data               ble_conn_params.o
    0x20003348   COMPRESSED   0x00000008   Data   RW         3066    .data               nrfx_clock.o
    0x20003350   COMPRESSED   0x00000008   Data   RW         3588    .data               nrfx_prs.o
    0x20003358   COMPRESSED   0x00000008   Data   RW         4533    .data               nrfx_wdt.o
    0x20003360   COMPRESSED   0x00000010   Data   RW         4660    .data               nrf_drv_twi.o
    0x20003370   COMPRESSED   0x00000038   Data   RW         4737    .data               app_button.o
    0x200033a8   COMPRESSED   0x00000024   Data   RW         5078    .data               app_timer2.o
    0x200033cc   COMPRESSED   0x0000000c   Data   RW         5419    .data               drv_rtc.o
    0x200033d8   COMPRESSED   0x00000009   Data   RW         6142    .data               nrf_pwr_mgmt.o
    0x200033e1   COMPRESSED   0x00000001   Data   RW         6447    .data               nrf_log_backend_rtt.o
    0x200033e2   COMPRESSED   0x00000002   PAD
    0x200033e4   COMPRESSED   0x00000008   Data   RW         6547    .data               nrf_log_default_backends.o
    0x200033ec   COMPRESSED   0x00000014   Data   RW         6615    .data               nrf_log_frontend.o
    0x20003400   COMPRESSED   0x00000040   Data   RW         6798    .data               nrf_log_str_formatter.o
    0x20003440   COMPRESSED   0x00000003   Data   RW         7125    .data               nrf_sdh.o
    0x20003443   COMPRESSED   0x00000001   Data   RW         7241    .data               nrf_sdh_ble.o
    0x20003444   COMPRESSED   0x00000004   Data   RW         7718    .data               system_nrf52.o
    0x20003448        -       0x00001c6c   Zero   RW           71    .bss                main.o
    0x200050b4        -       0x0000000c   Zero   RW         1420    .bss                bsp.o
    0x200050c0        -       0x00000050   Zero   RW         1988    .bss                ble_conn_params.o
    0x20005110        -       0x0000007c   Zero   RW         2108    .bss                ble_conn_state.o
    0x2000518c        -       0x00000014   Zero   RW         2695    .bss                nrf_drv_clock.o
    0x200051a0        -       0x0000006c   Zero   RW         3267    .bss                nrfx_gpiote.o
    0x2000520c        -       0x00000024   Zero   RW         4152    .bss                nrfx_spim.o
    0x20005230        -       0x0000003c   Zero   RW         4312    .bss                nrfx_twi.o
    0x2000526c        -       0x00000020   Zero   RW         4602    .bss                nrf_drv_spi.o
    0x2000528c        -       0x00000020   Zero   RW         4734    .bss                app_button.o
    0x200052ac        -       0x00000020   Zero   RW         4827    .bss                app_error.o
    0x200052cc        -       0x00000068   Zero   RW         5075    .bss                app_timer2.o
    0x20005334        -       0x0000000c   Zero   RW         5303    .bss                app_util_platform.o
    0x20005340        -       0x0000000c   Zero   RW         6139    .bss                nrf_pwr_mgmt.o
    0x2000534c        -       0x00000040   Zero   RW         6445    .bss                nrf_log_backend_rtt.o
    0x2000538c        -       0x00000578   Zero   RW         6612    .bss                nrf_log_frontend.o
    0x20005904        -       0x00000288   Zero   RW         6878    .bss                segger_rtt.o
    0x20005b8c   COMPRESSED   0x00000004   PAD
    0x20005b90        -       0x00002000   Zero   RW         7323    STACK               arm_startup_nrf52840.o


==============================================================================

Image component sizes


      Code (inc. data)   RO Data    RW Data    ZI Data      Debug   Object Name

       838        104         26         56         32      18638   app_button.o
       136          4          0          0         32       3630   app_error.o
        26          0          0          0          0        604   app_error_handler_keil.o
       456        194          0          0          0       5002   app_error_weak.o
      1336        120         38         36        104      20265   app_timer2.o
       200         24          0          0         12      11746   app_util_platform.o
        36          8        512          0       8192        964   arm_startup_nrf52840.o
      1770          0          0          0          0      63728   ble_advdata.o
      1454          6          0          0          0      25631   ble_advertising.o
       936         56          8          8         80      16063   ble_conn_params.o
       550         92          8          0        124       9792   ble_conn_state.o
       108          0          0          0          0       2872   ble_link_ctx_manager.o
       790          4         32          0          0       9604   ble_nus.o
       676          6          0          0          0      84133   ble_srv_common.o
       556         46          8          0          0      16255   boards.o
      1632        128         44        125         12      22883   bsp.o
       420         16          8          8          0      57236   bsp_btn_ble.o
      1010         98          6         12          0      54445   drv_rtc.o
         0          0          0          0          0      59010   hal.o
         0          0          0          0          0       9505   icm20948.o
      8146       1530        104       1997       7276     226837   main.o
       352          0          0          0          0       6245   nrf_atfifo.o
        90          0          0          0          0       3336   nrf_atflags.o
       386          0          0          0          0       8415   nrf_atomic.o
       218          0          0          0          0       4023   nrf_balloc.o
      2098        788        361          0          0      40777   nrf_ble_gatt.o
       390          0          0          0          0       8085   nrf_ble_qwr.o
       416         52         30          0         20      49328   nrf_drv_clock.o
       200         24         16          0         32      16443   nrf_drv_spi.o
       416         36          6         16          0      16123   nrf_drv_twi.o
        70          0          0          0          0       3733   nrf_fprintf.o
      1030          6         16          0          0       7422   nrf_fprintf_format.o
       176         16         22          1         64       7429   nrf_log_backend_rtt.o
       242          0          0          0          0      11161   nrf_log_backend_serial.o
        40          6         32          8          0       3445   nrf_log_default_backends.o
      2400        158         44         20       1400      36118   nrf_log_frontend.o
       626        112        102         64          0       6292   nrf_log_str_formatter.o
       514          0          0          0          0      10051   nrf_memobj.o
       144         22         53          9         12      44190   nrf_pwr_mgmt.o
        28          0          0          0          0       2475   nrf_ringbuf.o
       634        118        104          3          0      42813   nrf_sdh.o
       972        304        539          1          0       6819   nrf_sdh_ble.o
       152         68         56          0          0       2816   nrf_sdh_soc.o
       112          0          0          0          0       2980   nrf_section_iter.o
       110          0         17          0          0       4277   nrf_sortlist.o
        92         10       1319          0          0       2907   nrf_strerror.o
       424         32         14          8          0      49940   nrfx_clock.o
      1822        130         81          0        108      73514   nrfx_gpiote.o
       118         14         12          8          0       4017   nrfx_prs.o
      1170         34         58          0         36      27006   nrfx_spim.o
      2074         54         76          0         60      33873   nrfx_twi.o
         0          0         13          0          0      10345   nrfx_uart.o
         0          0         14          0          0      10390   nrfx_uarte.o
        64          8         12          8          0       4157   nrfx_wdt.o
       470         44          0          0        648       8837   segger_rtt.o
      1092        172          0          4          0      40440   system_nrf52.o
       332         62         32          0          0      20781   twi.o

    ----------------------------------------------------------------------
     40636       4706       3920       2400      18248    1349846   Object Totals
         0          0         32          0          0          0   (incl. Generated)
        86          0         65          8          4          0   (incl. Padding)

    ----------------------------------------------------------------------

      Code (inc. data)   RO Data    RW Data    ZI Data      Debug   Library Member Name

        86          0          0          0          0          0   __dczerorl2.o
         8          4        133          0          0         68   ctype_o.o
         0          0          0          0          0          0   entry.o
         0          0          0          0          0          0   entry10a.o
         0          0          0          0          0          0   entry11a.o
         4          0          0          0          0          0   entry12b.o
         8          4          0          0          0          0   entry2.o
         4          0          0          0          0          0   entry5.o
         0          0          0          0          0          0   entry7b.o
         0          0          0          0          0          0   entry8b.o
         8          4          0          0          0          0   entry9a.o
        30          0          0          0          0          0   handlers.o
        36          8          0          0          0         68   init.o
         0          0          0          0          0          0   iusefp.o
        30          0          0          0          0         68   llshl.o
        32          0          0          0          0         68   llushr.o
        36          0          0          0          0         68   memcpya.o
        36          0          0          0          0        108   memseta.o
        18          0          0          0          0         68   strcpy.o
        14          0          0          0          0         68   strlen.o
        98          0          0          0          0         92   uldiv.o
        48          0          0          0          0         68   cdrcmple.o
        56          0          0          0          0         88   d2f.o
       222          0          0          0          0        100   ddiv.o
       186          0          0          0          0        176   depilogue.o
        34          0          0          0          0         76   dflti.o
        26          0          0          0          0         76   dfltui.o
       228          0          0          0          0         96   dmul.o
        38          0          0          0          0         68   f2d.o
       110          0          0          0          0        168   fepilogue.o

    ----------------------------------------------------------------------
      1396         20        136          0          0       1592   Library Totals
         0          0          3          0          0          0   (incl. Padding)

    ----------------------------------------------------------------------

      Code (inc. data)   RO Data    RW Data    ZI Data      Debug   Library Name

       448         20        133          0          0        676   mc_w.l
       948          0          0          0          0        916   mf_w.l

    ----------------------------------------------------------------------
      1396         20        136          0          0       1592   Library Totals

    ----------------------------------------------------------------------

==============================================================================


      Code (inc. data)   RO Data    RW Data    ZI Data      Debug   

     42032       4726       4056       2400      18248    1304594   Grand Totals
     42032       4726       4056       1308      18248    1304594   ELF Image Totals (compressed)
     42032       4726       4056       1308          0          0   ROM Totals

==============================================================================

    Total RO  Size (Code + RO Data)                46088 (  45.01kB)
    Total RW  Size (RW Data + ZI Data)             20648 (  20.16kB)
    Total ROM Size (Code + RO Data + RW Data)      47396 (  46.29kB)

==============================================================================

